Archive member included to satisfy reference by file (symbol)

C:/Users/keydo/Documents/mdsk_projects/SENT/msdk/Libraries/PeriphDrivers/bin/MAX32672/spi-v1_softfp/libPeriphDriver_spi-v1_softfp.a(sys_me21.o)
                              C:/Users/keydo/Documents/mdsk_projects/Hello_World/build/system_max32672.o (MXC_SYS_ClockEnable)
C:/Users/keydo/Documents/mdsk_projects/SENT/msdk/Libraries/PeriphDrivers/bin/MAX32672/spi-v1_softfp/libPeriphDriver_spi-v1_softfp.a(aes_me21.o)
                              C:/Users/keydo/Documents/mdsk_projects/SENT/msdk/Libraries/PeriphDrivers/bin/MAX32672/spi-v1_softfp/libPeriphDriver_spi-v1_softfp.a(sys_me21.o) (MXC_AES_Init)
C:/Users/keydo/Documents/mdsk_projects/SENT/msdk/Libraries/PeriphDrivers/bin/MAX32672/spi-v1_softfp/libPeriphDriver_spi-v1_softfp.a(aes_revb.o)
                              C:/Users/keydo/Documents/mdsk_projects/SENT/msdk/Libraries/PeriphDrivers/bin/MAX32672/spi-v1_softfp/libPeriphDriver_spi-v1_softfp.a(aes_me21.o) (MXC_AES_RevB_IsBusy)
C:/Users/keydo/Documents/mdsk_projects/SENT/msdk/Libraries/PeriphDrivers/bin/MAX32672/spi-v1_softfp/libPeriphDriver_spi-v1_softfp.a(dma_me21.o)
                              C:/Users/keydo/Documents/mdsk_projects/SENT/msdk/Libraries/PeriphDrivers/bin/MAX32672/spi-v1_softfp/libPeriphDriver_spi-v1_softfp.a(aes_revb.o) (MXC_DMA_Init)
C:/Users/keydo/Documents/mdsk_projects/SENT/msdk/Libraries/PeriphDrivers/bin/MAX32672/spi-v1_softfp/libPeriphDriver_spi-v1_softfp.a(dma_reva.o)
                              C:/Users/keydo/Documents/mdsk_projects/SENT/msdk/Libraries/PeriphDrivers/bin/MAX32672/spi-v1_softfp/libPeriphDriver_spi-v1_softfp.a(dma_me21.o) (MXC_DMA_RevA_Init)
C:/Users/keydo/Documents/mdsk_projects/SENT/msdk/Libraries/PeriphDrivers/bin/MAX32672/spi-v1_softfp/libPeriphDriver_spi-v1_softfp.a(flc_me21.o)
                              C:/Users/keydo/Documents/mdsk_projects/SENT/msdk/Libraries/PeriphDrivers/bin/MAX32672/spi-v1_softfp/libPeriphDriver_spi-v1_softfp.a(sys_me21.o) (MXC_FLC_UnlockInfoBlock)
C:/Users/keydo/Documents/mdsk_projects/SENT/msdk/Libraries/PeriphDrivers/bin/MAX32672/spi-v1_softfp/libPeriphDriver_spi-v1_softfp.a(flc_reva.o)
                              C:/Users/keydo/Documents/mdsk_projects/SENT/msdk/Libraries/PeriphDrivers/bin/MAX32672/spi-v1_softfp/libPeriphDriver_spi-v1_softfp.a(flc_me21.o) (MXC_FLC_RevA_Busy)
C:/Users/keydo/Documents/mdsk_projects/SENT/msdk/Libraries/PeriphDrivers/bin/MAX32672/spi-v1_softfp/libPeriphDriver_spi-v1_softfp.a(gpio_me21.o)
                              C:/Users/keydo/Documents/mdsk_projects/Hello_World/build/pb.o (MXC_GPIO_InGet)
C:/Users/keydo/Documents/mdsk_projects/SENT/msdk/Libraries/PeriphDrivers/bin/MAX32672/spi-v1_softfp/libPeriphDriver_spi-v1_softfp.a(gpio_reva.o)
                              C:/Users/keydo/Documents/mdsk_projects/SENT/msdk/Libraries/PeriphDrivers/bin/MAX32672/spi-v1_softfp/libPeriphDriver_spi-v1_softfp.a(gpio_me21.o) (MXC_GPIO_RevA_InGet)
C:/Users/keydo/Documents/mdsk_projects/SENT/msdk/Libraries/PeriphDrivers/bin/MAX32672/spi-v1_softfp/libPeriphDriver_spi-v1_softfp.a(spi_me21.o)
                              C:/Users/keydo/Documents/mdsk_projects/Hello_World/build/board.o (MXC_SPI_Init)
C:/Users/keydo/Documents/mdsk_projects/SENT/msdk/Libraries/PeriphDrivers/bin/MAX32672/spi-v1_softfp/libPeriphDriver_spi-v1_softfp.a(spi_reva1.o)
                              C:/Users/keydo/Documents/mdsk_projects/SENT/msdk/Libraries/PeriphDrivers/bin/MAX32672/spi-v1_softfp/libPeriphDriver_spi-v1_softfp.a(spi_me21.o) (MXC_SPI_RevA1_Init)
C:/Users/keydo/Documents/mdsk_projects/SENT/msdk/Libraries/PeriphDrivers/bin/MAX32672/spi-v1_softfp/libPeriphDriver_spi-v1_softfp.a(uart_me21.o)
                              C:/Users/keydo/Documents/mdsk_projects/Hello_World/build/board.o (MXC_UART_Shutdown)
C:/Users/keydo/Documents/mdsk_projects/SENT/msdk/Libraries/PeriphDrivers/bin/MAX32672/spi-v1_softfp/libPeriphDriver_spi-v1_softfp.a(uart_revb.o)
                              C:/Users/keydo/Documents/mdsk_projects/SENT/msdk/Libraries/PeriphDrivers/bin/MAX32672/spi-v1_softfp/libPeriphDriver_spi-v1_softfp.a(uart_me21.o) (MXC_UART_RevB_Init)
C:/Users/keydo/Documents/mdsk_projects/SENT/msdk/Libraries/PeriphDrivers/bin/MAX32672/spi-v1_softfp/libPeriphDriver_spi-v1_softfp.a(mxc_delay.o)
                              C:/Users/keydo/Documents/mdsk_projects/SENT/msdk/Libraries/PeriphDrivers/bin/MAX32672/spi-v1_softfp/libPeriphDriver_spi-v1_softfp.a(sys_me21.o) (MXC_DelayAsync)
C:/Users/keydo/Documents/mdsk_projects/SENT/msdk/Libraries/PeriphDrivers/bin/MAX32672/spi-v1_softfp/libPeriphDriver_spi-v1_softfp.a(nvic_table.o)
                              C:/Users/keydo/Documents/mdsk_projects/SENT/msdk/Libraries/PeriphDrivers/bin/MAX32672/spi-v1_softfp/libPeriphDriver_spi-v1_softfp.a(uart_revb.o) (MXC_NVIC_SetVector)
C:/Users/keydo/Documents/mdsk_projects/SENT/msdk/Libraries/PeriphDrivers/bin/MAX32672/spi-v1_softfp/libPeriphDriver_spi-v1_softfp.a(mxc_lock.o)
[...]
Memory Configuration

Name             Origin             Length             Attributes
FLASH            0x10000000         0x00100000         xr
SRAM             0x20000000         0x00028000         xrw
*default*        0x00000000         0xffffffff

Linker script and memory map

LOAD C:/Program Files (x86)/Arm GNU Toolchain arm-none-eabi/14.3 rel1/bin/../lib/gcc/arm-none-eabi/14.3.1/thumb/v7e-m+fp/softfp/crti.o
LOAD C:/Program Files (x86)/Arm GNU Toolchain arm-none-eabi/14.3 rel1/bin/../lib/gcc/arm-none-eabi/14.3.1/thumb/v7e-m+fp/softfp/crtbegin.o
LOAD C:/Program Files (x86)/Arm GNU Toolchain arm-none-eabi/14.3 rel1/bin/../lib/gcc/arm-none-eabi/14.3.1/../../../../arm-none-eabi/lib/thumb/v7e-m+fp/softfp/crt0.o
LOAD C:/Users/keydo/Documents/mdsk_projects/Hello_World/build/main.o
LOAD C:/Users/keydo/Documents/mdsk_projects/Hello_World/build/board.o
LOAD C:/Users/keydo/Documents/mdsk_projects/Hello_World/build/stdio.o
LOAD C:/Users/keydo/Documents/mdsk_projects/Hello_World/build/led.o
LOAD C:/Users/keydo/Documents/mdsk_projects/Hello_World/build/pb.o
LOAD C:/Users/keydo/Documents/mdsk_projects/Hello_World/build/st7735s.o
LOAD C:/Users/keydo/Documents/mdsk_projects/Hello_World/build/tft_st7735.o
LOAD C:/Users/keydo/Documents/mdsk_projects/Hello_World/build/startup_max32672.o
LOAD C:/Users/keydo/Documents/mdsk_projects/Hello_World/build/heap.o
LOAD C:/Users/keydo/Documents/mdsk_projects/Hello_World/build/system_max32672.o
START GROUP
LOAD C:/Users/keydo/Documents/mdsk_projects/SENT/msdk/Libraries/PeriphDrivers/bin/MAX32672/spi-v1_softfp/libPeriphDriver_spi-v1_softfp.a
LOAD C:/Program Files (x86)/Arm GNU Toolchain arm-none-eabi/14.3 rel1/bin/../lib/gcc/arm-none-eabi/14.3.1/../../../../arm-none-eabi/lib/thumb/v7e-m+fp/softfp\libc.a
LOAD C:/Program Files (x86)/Arm GNU Toolchain arm-none-eabi/14.3 rel1/bin/../lib/gcc/arm-none-eabi/14.3.1/../../../../arm-none-eabi/lib/thumb/v7e-m+fp/softfp\libm.a
LOAD C:/Program Files (x86)/Arm GNU Toolchain arm-none-eabi/14.3 rel1/bin/../lib/gcc/arm-none-eabi/14.3.1/../../../../arm-none-eabi/lib/thumb/v7e-m+fp/softfp\libnosys.a
END GROUP
START GROUP
LOAD C:/Program Files (x86)/Arm GNU Toolchain arm-none-eabi/14.3 rel1/bin/../lib/gcc/arm-none-eabi/14.3.1/thumb/v7e-m+fp/softfp\libgcc.a
LOAD C:/Program Files (x86)/Arm GNU Toolchain arm-none-eabi/14.3 rel1/bin/../lib/gcc/arm-none-eabi/14.3.1/../../../../arm-none-eabi/lib/thumb/v7e-m+fp/softfp\libc.a
END GROUP
LOAD C:/Program Files (x86)/Arm GNU Toolchain arm-none-eabi/14.3 rel1/bin/../lib/gcc/arm-none-eabi/14.3.1/thumb/v7e-m+fp/softfp/crtend.o
LOAD C:/Program Files (x86)/Arm GNU Toolchain arm-none-eabi/14.3 rel1/bin/../lib/gcc/arm-none-eabi/14.3.1/thumb/v7e-m+fp/softfp/crtn.o

.text           0x10000000     0x9af0
                0x10000000                        _text = .
 *(.isr_vector)
 .isr_vector    0x10000000      0x1f0 C:/Users/keydo/Documents/mdsk_projects/Hello_World/build/startup_max32672.o
                0x10000000                __isr_vector
 *(.text*)
 .text.deregister_tm_clones
                0x100001f0       0x1c C:/Program Files (x86)/Arm GNU Toolchain arm-none-eabi/14.3 rel1/bin/../lib/gcc/arm-none-eabi/14.3.1/thumb/v7e-m+fp/softfp/crtbegin.o
 .text.register_tm_clones
                0x1000020c       0x24 C:/Program Files (x86)/Arm GNU Toolchain arm-none-eabi/14.3 rel1/bin/../lib/gcc/arm-none-eabi/14.3.1/thumb/v7e-m+fp/softfp/crtbegin.o
 .text.__do_global_dtors_aux
                0x10000230       0x28 C:/Program Files (x86)/Arm GNU Toolchain arm-none-eabi/14.3 rel1/bin/../lib/gcc/arm-none-eabi/14.3.1/thumb/v7e-m+fp/softfp/crtbegin.o
 .text.frame_dummy
                0x10000258       0x24 C:/Program Files (x86)/Arm GNU Toolchain arm-none-eabi/14.3 rel1/bin/../lib/gcc/arm-none-eabi/14.3.1/thumb/v7e-m+fp/softfp/crtbegin.o
 .text.main     0x1000027c       0x40 C:/Users/keydo/Documents/mdsk_projects/Hello_World/build/main.o
                0x1000027c                main
 .text.mxc_assert
                0x100002bc       0x10 C:/Users/keydo/Documents/mdsk_projects/Hello_World/build/board.o
                0x100002bc                mxc_assert
 .text.GPIO0_IRQHandler
                0x100002cc        0xa C:/Users/keydo/Documents/mdsk_projects/Hello_World/build/board.o
                0x100002cc                GPIO0_IRQHandler
 *fill*         0x100002d6        0x2 
 .text.Console_Init
                0x100002d8       0x18 C:/Users/keydo/Documents/mdsk_projects/Hello_World/build/board.o
                0x100002d8                Console_Init
 .text.Board_Init
                0x100002f0       0x34 C:/Users/keydo/Documents/mdsk_projects/Hello_World/build/board.o
                0x100002f0                Board_Init
 .text.NMI_Handler
                0x10000324        0x4 C:/Users/keydo/Documents/mdsk_projects/Hello_World/build/board.o
                0x10000324                NMI_Handler
 .text._close   0x10000328        0x6 C:/Users/keydo/Documents/mdsk_projects/Hello_World/build/stdio.o
                0x10000328                _close
 .text._isatty  0x1000032e        0x6 C:/Users/keydo/Documents/mdsk_projects/Hello_World/build/stdio.o
                0x1000032e                _isatty
 .text._lseek   0x10000334        0x6 C:/Users/keydo/Documents/mdsk_projects/Hello_World/build/stdio.o
                0x10000334                _lseek
 .text._fstat   0x1000033a        0x6 C:/Users/keydo/Documents/mdsk_projects/Hello_World/build/stdio.o
                0x1000033a                _fstat
 .text._read    0x10000340       0x50 C:/Users/keydo/Documents/mdsk_projects/Hello_World/build/stdio.o
                0x10000340                _read
 .text._write   0x10000390       0x44 C:/Users/keydo/Documents/mdsk_projects/Hello_World/build/stdio.o
                0x10000390                _write
 .text.LED_On   0x100003d4       0x40 C:/Users/keydo/Documents/mdsk_projects/Hello_World/build/led.o
                0x100003d4                LED_On
 .text.LED_Off  0x10000414       0x40 C:/Users/keydo/Documents/mdsk_projects/Hello_World/build/led.o
                0x10000414                LED_Off
 .text.LED_Init
                0x10000454       0x3c C:/Users/keydo/Documents/mdsk_projects/Hello_World/build/led.o
                0x10000454                LED_Init
 .text.PB_Init  0x10000490       0x60 C:/Users/keydo/Documents/mdsk_projects/Hello_World/build/pb.o
                0x10000490                PB_Init
 .text          0x100004f0      0x150 C:/Users/keydo/Documents/mdsk_projects/Hello_World/build/startup_max32672.o
                0x100004f0                Reset_Handler
                0x1000052e                HardFault_Handler
                0x10000530                MemManage_Handler
                0x10000532                BusFault_Handler
                0x10000534                UsageFault_Handler
                0x10000536                SVC_Handler
                0x10000538                DebugMon_Handler
                0x1000053a                PendSV_Handler
                0x1000053c                SysTick_Handler
                0x1000053e                Default_Handler
                0x10000540                PF_IRQHandler
                0x10000542                WDT0_IRQHandler
                0x10000544                RSV02_IRQHandler
                0x10000546                RTC_IRQHandler
                0x10000548                TRNG_IRQHandler
                0x1000054a                TMR0_IRQHandler
                0x1000054c                TMR1_IRQHandler
                0x1000054e                TMR2_IRQHandler
                0x10000550                TMR3_IRQHandler
                0x10000552                TMR4_IRQHandler
                0x10000554                TMR5_IRQHandler
                0x10000556                RSV11_IRQHandler
                0x10000558                RSV12_IRQHandler
                0x1000055a                I2C0_IRQHandler
                0x1000055c                UART0_IRQHandler
                0x1000055e                UART1_IRQHandler
                0x10000560                SPI0_IRQHandler
                0x10000562                SPI1_IRQHandler
                0x10000564                SPI2_IRQHandler
                0x10000566                RSV19_IRQHandler
                0x10000568                ADC_IRQHandler
                0x1000056a                RSV21_IRQHandler
                0x1000056c                RSV22_IRQHandler
                0x1000056e                FLC0_IRQHandler
                0x10000572                GPIO1_IRQHandler
                0x10000574                RSV26_IRQHandler
                0x10000576                CTB_IRQHandler
                0x10000578                DMA0_IRQHandler
                0x1000057a                DMA1_IRQHandler
                0x1000057c                DMA2_IRQHandler
                0x1000057e                DMA3_IRQHandler
                0x10000580                RSV32_IRQHandler
                0x10000582                RSV33_IRQHandler
                0x10000584                UART2_IRQHandler
                0x10000586                RSV35_IRQHandler
                0x10000588                I2C1_IRQHandler
                0x1000058a                RSV37_IRQHandler
                0x1000058c                RSV38_IRQHandler
                0x1000058e                RSV39_IRQHandler
                0x10000590                RSV40_IRQHandler
                0x10000592                RSV41_IRQHandler
                0x10000594                RSV42_IRQHandler
                0x10000596                RSV43_IRQHandler
                0x10000598                RSV44_IRQHandler
                0x1000059a                RSV45_IRQHandler
                0x1000059c                RSV46_IRQHandler
                0x1000059e                RSV47_IRQHandler
                0x100005a0                RSV48_IRQHandler
                0x100005a2                RSV49_IRQHandler
                0x100005a4                RSV50_IRQHandler
                0x100005a6                RSV51_IRQHandler
                0x100005a8                RSV52_IRQHandler
                0x100005aa                RSV53_IRQHandler
                0x100005ac                GPIOWAKE_IRQHandler
                0x100005ae                RSV55_IRQHandler
                0x100005b0                RSV56_IRQHandler
                0x100005b2                WDT1_IRQHandler
                0x100005b4                RSV58_IRQHandler
                0x100005b6                RSV59_IRQHandler
                0x100005b8                RSV60_IRQHandler
                0x100005ba                RSV61_IRQHandler
                0x100005bc                I2C2_IRQHandler
                0x100005be                RSV63_IRQHandler
                0x100005c0                RSV64_IRQHandler
                0x100005c2                RSV65_IRQHandler
                0x100005c4                RSV66_IRQHandler
                0x100005c6                RSV67_IRQHandler
                0x100005c8                DMA4_IRQHandler
                0x100005ca                DMA5_IRQHandler
                0x100005cc                DMA6_IRQHandler
                0x100005ce                DMA7_IRQHandler
                0x100005d0                DMA8_IRQHandler
                0x100005d2                DMA9_IRQHandler
                0x100005d4                DMA10_IRQHandler
                0x100005d6                DMA11_IRQHandler
                0x100005d8                RSV76_IRQHandler
                0x100005da                RSV77_IRQHandler
                0x100005dc                RSV78_IRQHandler
                0x100005de                RSV79_IRQHandler
                0x100005e0                RSV80_IRQHandler
                0x100005e2                RSV81_IRQHandler
                0x100005e4                ECC_IRQHandler
                0x100005e6                RSV83_IRQHandler
                0x100005e8                RSV84_IRQHandler
                0x100005ea                SCA_IRQHandler
                0x100005ec                RSV86_IRQHandler
                0x100005ee                FLC1_IRQHandler
                0x100005f0                UART3_IRQHandler
                0x100005f2                RSV89_IRQHandler
                0x100005f4                RSV90_IRQHandler
                0x100005f6                RSV91_IRQHandler
                0x100005f8                RSV92_IRQHandler
                0x100005fa                RSV93_IRQHandler
                0x100005fc                RSV94_IRQHandler
                0x100005fe                RSV95_IRQHandler
                0x10000600                RSV96_IRQHandler
                0x10000602                AES_IRQHandler
                0x10000604                RSV98_IRQHandler
                0x10000606                I2S_IRQHandler
                0x10000608                RSV100_IRQHandler
                0x1000060a                RSV101_IRQHandler
                0x1000060c                RSV102_IRQHandler
                0x1000060e                RSV103_IRQHandler
                0x10000610                RSV104_IRQHandler
                0x10000612                RSV105_IRQHandler
                0x10000614                QDEC_IRQHandler
                0x10000616                RSV107_IRQHandler
 .text._sbrk    0x10000640       0x40 C:/Users/keydo/Documents/mdsk_projects/Hello_World/build/heap.o
                0x10000640                _sbrk
 .text._getpid  0x10000680        0x6 C:/Users/keydo/Documents/mdsk_projects/Hello_World/build/system_max32672.o
                0x10000680                _getpid
 .text._kill    0x10000686        0x6 C:/Users/keydo/Documents/mdsk_projects/Hello_World/build/system_max32672.o
                0x10000686                _kill
 .text.SystemCoreClockUpdate
                0x1000068c       0xa8 C:/Users/keydo/Documents/mdsk_projects/Hello_World/build/system_max32672.o
                0x1000068c                SystemCoreClockUpdate
 .text.PreInit  0x10000734        0x4 C:/Users/keydo/Documents/mdsk_projects/Hello_World/build/system_max32672.o
                0x10000734                PreInit
 .text.PinInit  0x10000738        0x2 C:/Users/keydo/Documents/mdsk_projects/Hello_World/build/system_max32672.o
                0x10000738                PinInit
 .text.PeripheralInit
                0x1000073a        0x4 C:/Users/keydo/Documents/mdsk_projects/Hello_World/build/system_max32672.o
                0x1000073a                PeripheralInit
 *fill*         0x1000073e        0x2 
 .text.SystemInit
                0x10000740       0x4c C:/Users/keydo/Documents/mdsk_projects/Hello_World/build/system_max32672.o
                0x10000740                SystemInit
 .text.MXC_SYS_ClockDisable
                0x1000078c       0x44 C:/Users/keydo/Documents/mdsk_projects/SENT/msdk/Libraries/PeriphDrivers/bin/MAX32672/spi-v1_softfp/libPeriphDriver_spi-v1_softfp.a(sys_me21.o)
                0x1000078c                MXC_SYS_ClockDisable
 .text.MXC_SYS_ClockEnable
                0x100007d0       0x48 C:/Users/keydo/Documents/mdsk_projects/SENT/msdk/Libraries/PeriphDrivers/bin/MAX32672/spi-v1_softfp/libPeriphDriver_spi-v1_softfp.a(sys_me21.o)
                0x100007d0                MXC_SYS_ClockEnable
 .text.MXC_SYS_RTCClockEnable
                0x10000818       0x28 C:/Users/keydo/Documents/mdsk_projects/SENT/msdk/Libraries/PeriphDrivers/bin/MAX32672/spi-v1_softfp/libPeriphDriver_spi-v1_softfp.a(sys_me21.o)
                0x10000818                MXC_SYS_RTCClockEnable
 .text.MXC_SYS_Clock_Timeout
                0x10000840       0x34 C:/Users/keydo/Documents/mdsk_projects/SENT/msdk/Libraries/PeriphDrivers/bin/MAX32672/spi-v1_softfp/libPeriphDriver_spi-v1_softfp.a(sys_me21.o)
                0x10000840                MXC_SYS_Clock_Timeout
 .text.MXC_SYS_ClockSourceEnable
                0x10000874       0x8c C:/Users/keydo/Documents/mdsk_projects/SENT/msdk/Libraries/PeriphDrivers/bin/MAX32672/spi-v1_softfp/libPeriphDriver_spi-v1_softfp.a(sys_me21.o)
                0x10000874                MXC_SYS_ClockSourceEnable
 .text.MXC_SYS_Clock_Select
                0x10000900      0x172 C:/Users/keydo/Documents/mdsk_projects/SENT/msdk/Libraries/PeriphDrivers/bin/MAX32672/spi-v1_softfp/libPeriphDriver_spi-v1_softfp.a(sys_me21.o)
                0x10000900                MXC_SYS_Clock_Select
 *fill*         0x10000a72        0x2 
 .text.MXC_SYS_Reset_Periph
                0x10000a74       0x54 C:/Users/keydo/Documents/mdsk_projects/SENT/msdk/Libraries/PeriphDrivers/bin/MAX32672/spi-v1_softfp/libPeriphDriver_spi-v1_softfp.a(sys_me21.o)
                0x10000a74                MXC_SYS_Reset_Periph
 .text.MXC_GPIO_Init
                0x10000ac8       0x28 C:/Users/keydo/Documents/mdsk_projects/SENT/msdk/Libraries/PeriphDrivers/bin/MAX32672/spi-v1_softfp/libPeriphDriver_spi-v1_softfp.a(gpio_me21.o)
                0x10000ac8                MXC_GPIO_Init
 .text.MXC_GPIO_OutSet
                0x10000af0        0x8 C:/Users/keydo/Documents/mdsk_projects/SENT/msdk/Libraries/PeriphDrivers/bin/MAX32672/spi-v1_softfp/libPeriphDriver_spi-v1_softfp.a(gpio_me21.o)
                0x10000af0                MXC_GPIO_OutSet
 .text.MXC_GPIO_OutClr
                0x10000af8        0x8 C:/Users/keydo/Documents/mdsk_projects/SENT/msdk/Libraries/PeriphDrivers/bin/MAX32672/spi-v1_softfp/libPeriphDriver_spi-v1_softfp.a(gpio_me21.o)
                0x10000af8                MXC_GPIO_OutClr
 .text.MXC_GPIO_Handler
                0x10000b00        0x8 C:/Users/keydo/Documents/mdsk_projects/SENT/msdk/Libraries/PeriphDrivers/bin/MAX32672/spi-v1_softfp/libPeriphDriver_spi-v1_softfp.a(gpio_me21.o)
                0x10000b00                MXC_GPIO_Handler
 .text.MXC_GPIO_ClearFlags
                0x10000b08        0x8 C:/Users/keydo/Documents/mdsk_projects/SENT/msdk/Libraries/PeriphDrivers/bin/MAX32672/spi-v1_softfp/libPeriphDriver_spi-v1_softfp.a(gpio_me21.o)
                0x10000b08                MXC_GPIO_ClearFlags
 .text.MXC_GPIO_GetFlags
                0x10000b10        0x8 C:/Users/keydo/Documents/mdsk_projects/SENT/msdk/Libraries/PeriphDrivers/bin/MAX32672/spi-v1_softfp/libPeriphDriver_spi-v1_softfp.a(gpio_me21.o)
                0x10000b10                MXC_GPIO_GetFlags
 .text.MXC_GPIO_SetDriveStrength
                0x10000b18        0x8 C:/Users/keydo/Documents/mdsk_projects/SENT/msdk/Libraries/PeriphDrivers/bin/MAX32672/spi-v1_softfp/libPeriphDriver_spi-v1_softfp.a(gpio_me21.o)
                0x10000b18                MXC_GPIO_SetDriveStrength
 .text.MXC_GPIO_GetConfigLock
                0x10000b20        0x8 C:/Users/keydo/Documents/mdsk_projects/SENT/msdk/Libraries/PeriphDrivers/bin/MAX32672/spi-v1_softfp/libPeriphDriver_spi-v1_softfp.a(gpio_me21.o)
                0x10000b20                MXC_GPIO_GetConfigLock
 .text.MXC_GPIO_Config
                0x10000b28       0xa0 C:/Users/keydo/Documents/mdsk_projects/SENT/msdk/Libraries/PeriphDrivers/bin/MAX32672/spi-v1_softfp/libPeriphDriver_spi-v1_softfp.a(gpio_me21.o)
                0x10000b28                MXC_GPIO_Config
 .text.MXC_GPIO_RevA_OutSet
                0x10000bc8        0x4 C:/Users/keydo/Documents/mdsk_projects/SENT/msdk/Libraries/PeriphDrivers/bin/MAX32672/spi-v1_softfp/libPeriphDriver_spi-v1_softfp.a(gpio_reva.o)
                0x10000bc8                MXC_GPIO_RevA_OutSet
 .text.MXC_GPIO_RevA_OutClr
                0x10000bcc        0x4 C:/Users/keydo/Documents/mdsk_projects/SENT/msdk/Libraries/PeriphDrivers/bin/MAX32672/spi-v1_softfp/libPeriphDriver_spi-v1_softfp.a(gpio_reva.o)
                0x10000bcc                MXC_GPIO_RevA_OutClr
 .text.MXC_GPIO_RevA_ClearFlags
                0x10000bd0        0x4 C:/Users/keydo/Documents/mdsk_projects/SENT/msdk/Libraries/PeriphDrivers/bin/MAX32672/spi-v1_softfp/libPeriphDriver_spi-v1_softfp.a(gpio_reva.o)
                0x10000bd0                MXC_GPIO_RevA_ClearFlags
 .text.MXC_GPIO_RevA_GetFlags
                0x10000bd4        0x4 C:/Users/keydo/Documents/mdsk_projects/SENT/msdk/Libraries/PeriphDrivers/bin/MAX32672/spi-v1_softfp/libPeriphDriver_spi-v1_softfp.a(gpio_reva.o)
                0x10000bd4                MXC_GPIO_RevA_GetFlags
 .text.MXC_GPIO_RevA_SetAF
                0x10000bd8       0x88 C:/Users/keydo/Documents/mdsk_projects/SENT/msdk/Libraries/PeriphDrivers/bin/MAX32672/spi-v1_softfp/libPeriphDriver_spi-v1_softfp.a(gpio_reva.o)
                0x10000bd8                MXC_GPIO_RevA_SetAF
 .text.MXC_GPIO_RevA_SetDriveStrength
                0x10000c60       0x98 C:/Users/keydo/Documents/mdsk_projects/SENT/msdk/Libraries/PeriphDrivers/bin/MAX32672/spi-v1_softfp/libPeriphDriver_spi-v1_softfp.a(gpio_reva.o)
                0x10000c60                MXC_GPIO_RevA_SetDriveStrength
 .text.MXC_UART_GetPinMapping
                0x10000cf8       0x68 C:/Users/keydo/Documents/mdsk_projects/SENT/msdk/Libraries/PeriphDrivers/bin/MAX32672/spi-v1_softfp/libPeriphDriver_spi-v1_softfp.a(uart_me21.o)
                0x10000cf8                MXC_UART_GetPinMapping
 .text.MXC_UART_Shutdown
                0x10000d60       0x74 C:/Users/keydo/Documents/mdsk_projects/SENT/msdk/Libraries/PeriphDrivers/bin/MAX32672/spi-v1_softfp/libPeriphDriver_spi-v1_softfp.a(uart_me21.o)
                0x10000d60                MXC_UART_Shutdown
 .text.MXC_UART_SetFrequency
                0x10000dd4       0xec C:/Users/keydo/Documents/mdsk_projects/SENT/msdk/Libraries/PeriphDrivers/bin/MAX32672/spi-v1_softfp/libPeriphDriver_spi-v1_softfp.a(uart_me21.o)
                0x10000dd4                MXC_UART_SetFrequency
 .text.MXC_UART_SetDataSize
                0x10000ec0        0x8 C:/Users/keydo/Documents/mdsk_projects/SENT/msdk/Libraries/PeriphDrivers/bin/MAX32672/spi-v1_softfp/libPeriphDriver_spi-v1_softfp.a(uart_me21.o)
                0x10000ec0                MXC_UART_SetDataSize
 .text.MXC_UART_SetStopBits
                0x10000ec8        0x8 C:/Users/keydo/Documents/mdsk_projects/SENT/msdk/Libraries/PeriphDrivers/bin/MAX32672/spi-v1_softfp/libPeriphDriver_spi-v1_softfp.a(uart_me21.o)
                0x10000ec8                MXC_UART_SetStopBits
 .text.MXC_UART_SetParity
                0x10000ed0        0x8 C:/Users/keydo/Documents/mdsk_projects/SENT/msdk/Libraries/PeriphDrivers/bin/MAX32672/spi-v1_softfp/libPeriphDriver_spi-v1_softfp.a(uart_me21.o)
                0x10000ed0                MXC_UART_SetParity
 .text.MXC_UART_SetClockSource
                0x10000ed8       0x94 C:/Users/keydo/Documents/mdsk_projects/SENT/msdk/Libraries/PeriphDrivers/bin/MAX32672/spi-v1_softfp/libPeriphDriver_spi-v1_softfp.a(uart_me21.o)
                0x10000ed8                MXC_UART_SetClockSource
 .text.MXC_UART_GetClockSource
                0x10000f6c       0x6c C:/Users/keydo/Documents/mdsk_projects/SENT/msdk/Libraries/PeriphDrivers/bin/MAX32672/spi-v1_softfp/libPeriphDriver_spi-v1_softfp.a(uart_me21.o)
                0x10000f6c                MXC_UART_GetClockSource
 .text.MXC_UART_Init
                0x10000fd8      0x104 C:/Users/keydo/Documents/mdsk_projects/SENT/msdk/Libraries/PeriphDrivers/bin/MAX32672/spi-v1_softfp/libPeriphDriver_spi-v1_softfp.a(uart_me21.o)
                0x10000fd8                MXC_UART_Init
 .text.MXC_UART_ReadCharacterRaw
                0x100010dc        0x8 C:/Users/keydo/Documents/mdsk_projects/SENT/msdk/Libraries/PeriphDrivers/bin/MAX32672/spi-v1_softfp/libPeriphDriver_spi-v1_softfp.a(uart_me21.o)
                0x100010dc                MXC_UART_ReadCharacterRaw
 .text.MXC_UART_WriteCharacterRaw
                0x100010e4        0x8 C:/Users/keydo/Documents/mdsk_projects/SENT/msdk/Libraries/PeriphDrivers/bin/MAX32672/spi-v1_softfp/libPeriphDriver_spi-v1_softfp.a(uart_me21.o)
                0x100010e4                MXC_UART_WriteCharacterRaw
 .text.MXC_UART_ReadCharacter
                0x100010ec        0x8 C:/Users/keydo/Documents/mdsk_projects/SENT/msdk/Libraries/PeriphDrivers/bin/MAX32672/spi-v1_softfp/libPeriphDriver_spi-v1_softfp.a(uart_me21.o)
                0x100010ec                MXC_UART_ReadCharacter
 .text.MXC_UART_WriteCharacter
                0x100010f4        0x8 C:/Users/keydo/Documents/mdsk_projects/SENT/msdk/Libraries/PeriphDrivers/bin/MAX32672/spi-v1_softfp/libPeriphDriver_spi-v1_softfp.a(uart_me21.o)
                0x100010f4                MXC_UART_WriteCharacter
 .text.MXC_UART_GetRXFIFOAvailable
                0x100010fc        0x8 C:/Users/keydo/Documents/mdsk_projects/SENT/msdk/Libraries/PeriphDrivers/bin/MAX32672/spi-v1_softfp/libPeriphDriver_spi-v1_softfp.a(uart_me21.o)
                0x100010fc                MXC_UART_GetRXFIFOAvailable
 .text.MXC_UART_GetTXFIFOAvailable
                0x10001104        0x8 C:/Users/keydo/Documents/mdsk_projects/SENT/msdk/Libraries/PeriphDrivers/bin/MAX32672/spi-v1_softfp/libPeriphDriver_spi-v1_softfp.a(uart_me21.o)
                0x10001104                MXC_UART_GetTXFIFOAvailable
 .text.MXC_UART_SetRXThreshold
                0x1000110c        0x8 C:/Users/keydo/Documents/mdsk_projects/SENT/msdk/Libraries/PeriphDrivers/bin/MAX32672/spi-v1_softfp/libPeriphDriver_spi-v1_softfp.a(uart_me21.o)
                0x1000110c                MXC_UART_SetRXThreshold
 .text.MXC_UART_RevB_Init
                0x10001114       0xe8 C:/Users/keydo/Documents/mdsk_projects/SENT/msdk/Libraries/PeriphDrivers/bin/MAX32672/spi-v1_softfp/libPeriphDriver_spi-v1_softfp.a(uart_revb.o)
                0x10001114                MXC_UART_RevB_Init
 .text.MXC_UART_RevB_SetFrequency
                0x100011fc       0x1e C:/Users/keydo/Documents/mdsk_projects/SENT/msdk/Libraries/PeriphDrivers/bin/MAX32672/spi-v1_softfp/libPeriphDriver_spi-v1_softfp.a(uart_revb.o)
                0x100011fc                MXC_UART_RevB_SetFrequency
 .text.MXC_UART_RevB_SetDataSize
                0x1000121a       0x20 C:/Users/keydo/Documents/mdsk_projects/SENT/msdk/Libraries/PeriphDrivers/bin/MAX32672/spi-v1_softfp/libPeriphDriver_spi-v1_softfp.a(uart_revb.o)
                0x1000121a                MXC_UART_RevB_SetDataSize
 .text.MXC_UART_RevB_SetStopBits
                0x1000123a       0x24 C:/Users/keydo/Documents/mdsk_projects/SENT/msdk/Libraries/PeriphDrivers/bin/MAX32672/spi-v1_softfp/libPeriphDriver_spi-v1_softfp.a(uart_revb.o)
                0x1000123a                MXC_UART_RevB_SetStopBits
 .text.MXC_UART_RevB_SetParity
                0x1000125e       0x90 C:/Users/keydo/Documents/mdsk_projects/SENT/msdk/Libraries/PeriphDrivers/bin/MAX32672/spi-v1_softfp/libPeriphDriver_spi-v1_softfp.a(uart_revb.o)
                0x1000125e                MXC_UART_RevB_SetParity
 *fill*         0x100012ee        0x2 
 .text.MXC_UART_RevB_SetClockSource
                0x100012f0       0x9c C:/Users/keydo/Documents/mdsk_projects/SENT/msdk/Libraries/PeriphDrivers/bin/MAX32672/spi-v1_softfp/libPeriphDriver_spi-v1_softfp.a(uart_revb.o)
                0x100012f0                MXC_UART_RevB_SetClockSource
 .text.MXC_UART_RevB_GetClockSource
                0x1000138c        0x8 C:/Users/keydo/Documents/mdsk_projects/SENT/msdk/Libraries/PeriphDrivers/bin/MAX32672/spi-v1_softfp/libPeriphDriver_spi-v1_softfp.a(uart_revb.o)
                0x1000138c                MXC_UART_RevB_GetClockSource
 .text.MXC_UART_RevB_ReadCharacterRaw
                0x10001394       0x12 C:/Users/keydo/Documents/mdsk_projects/SENT/msdk/Libraries/PeriphDrivers/bin/MAX32672/spi-v1_softfp/libPeriphDriver_spi-v1_softfp.a(uart_revb.o)
                0x10001394                MXC_UART_RevB_ReadCharacterRaw
 .text.MXC_UART_RevB_WriteCharacterRaw
                0x100013a6       0x14 C:/Users/keydo/Documents/mdsk_projects/SENT/msdk/Libraries/PeriphDrivers/bin/MAX32672/spi-v1_softfp/libPeriphDriver_spi-v1_softfp.a(uart_revb.o)
                0x100013a6                MXC_UART_RevB_WriteCharacterRaw
 .text.MXC_UART_RevB_GetRXFIFOAvailable
                0x100013ba        0x8 C:/Users/keydo/Documents/mdsk_projects/SENT/msdk/Libraries/PeriphDrivers/bin/MAX32672/spi-v1_softfp/libPeriphDriver_spi-v1_softfp.a(uart_revb.o)
                0x100013ba                MXC_UART_RevB_GetRXFIFOAvailable
 .text.MXC_UART_RevB_GetTXFIFOAvailable
                0x100013c2        0xc C:/Users/keydo/Documents/mdsk_projects/SENT/msdk/Libraries/PeriphDrivers/bin/MAX32672/spi-v1_softfp/libPeriphDriver_spi-v1_softfp.a(uart_revb.o)
                0x100013c2                MXC_UART_RevB_GetTXFIFOAvailable
 .text.MXC_UART_RevB_SetRXThreshold
                0x100013ce       0x1e C:/Users/keydo/Documents/mdsk_projects/SENT/msdk/Libraries/PeriphDrivers/bin/MAX32672/spi-v1_softfp/libPeriphDriver_spi-v1_softfp.a(uart_revb.o)
                0x100013ce                MXC_UART_RevB_SetRXThreshold
 .text.MXC_DelayInit
                0x100013ec       0x84 C:/Users/keydo/Documents/mdsk_projects/SENT/msdk/Libraries/PeriphDrivers/bin/MAX32672/spi-v1_softfp/libPeriphDriver_spi-v1_softfp.a(mxc_delay.o)
 .text.MXC_DelayAsync
                0x10001470       0x44 C:/Users/keydo/Documents/mdsk_projects/SENT/msdk/Libraries/PeriphDrivers/bin/MAX32672/spi-v1_softfp/libPeriphDriver_spi-v1_softfp.a(mxc_delay.o)
                0x10001470                MXC_DelayAsync
 .text.MXC_DelayAbort
                0x100014b4       0x34 C:/Users/keydo/Documents/mdsk_projects/SENT/msdk/Libraries/PeriphDrivers/bin/MAX32672/spi-v1_softfp/libPeriphDriver_spi-v1_softfp.a(mxc_delay.o)
                0x100014b4                MXC_DelayAbort
 .text.MXC_DelayCheck
                0x100014e8       0x64 C:/Users/keydo/Documents/mdsk_projects/SENT/msdk/Libraries/PeriphDrivers/bin/MAX32672/spi-v1_softfp/libPeriphDriver_spi-v1_softfp.a(mxc_delay.o)
                0x100014e8                MXC_DelayCheck
 .text.MXC_Delay
                0x1000154c       0x58 C:/Users/keydo/Documents/mdsk_projects/SENT/msdk/Libraries/PeriphDrivers/bin/MAX32672/spi-v1_softfp/libPeriphDriver_spi-v1_softfp.a(mxc_delay.o)
                0x1000154c                MXC_Delay
 .text.MXC_GPIO_Common_Init
                0x100015a4       0x40 C:/Users/keydo/Documents/mdsk_projects/SENT/msdk/Libraries/PeriphDrivers/bin/MAX32672/spi-v1_softfp/libPeriphDriver_spi-v1_softfp.a(gpio_common.o)
                0x100015a4                MXC_GPIO_Common_Init
 .text.MXC_GPIO_Common_Handler
                0x100015e4       0x78 C:/Users/keydo/Documents/mdsk_projects/SENT/msdk/Libraries/PeriphDrivers/bin/MAX32672/spi-v1_softfp/libPeriphDriver_spi-v1_softfp.a(gpio_common.o)
                0x100015e4                MXC_GPIO_Common_Handler
 .text.MXC_GPIO_Common_GetConfigLock
                0x1000165c        0xc C:/Users/keydo/Documents/mdsk_projects/SENT/msdk/Libraries/PeriphDrivers/bin/MAX32672/spi-v1_softfp/libPeriphDriver_spi-v1_softfp.a(gpio_common.o)
                0x1000165c                MXC_GPIO_Common_GetConfigLock
 .text.MXC_UART_Common_ReadCharacter
                0x10001668       0x16 C:/Users/keydo/Documents/mdsk_projects/SENT/msdk/Libraries/PeriphDrivers/bin/MAX32672/spi-v1_softfp/libPeriphDriver_spi-v1_softfp.a(uart_common.o)
                0x10001668                MXC_UART_Common_ReadCharacter
 .text.MXC_UART_Common_WriteCharacter
                0x1000167e       0x1a C:/Users/keydo/Documents/mdsk_projects/SENT/msdk/Libraries/PeriphDrivers/bin/MAX32672/spi-v1_softfp/libPeriphDriver_spi-v1_softfp.a(uart_common.o)
                0x1000167e                MXC_UART_Common_WriteCharacter
 .text.malloc   0x10001698       0x10 C:/Program Files (x86)/Arm GNU Toolchain arm-none-eabi/14.3 rel1/bin/../lib/gcc/arm-none-eabi/14.3.1/../../../../arm-none-eabi/lib/thumb/v7e-m+fp/softfp\libc.a(libc_a-malloc.o)
                0x10001698                malloc
 .text._malloc_r
                0x100016a8      0x598 C:/Program Files (x86)/Arm GNU Toolchain arm-none-eabi/14.3 rel1/bin/../lib/gcc/arm-none-eabi/14.3.1/../../../../arm-none-eabi/lib/thumb/v7e-m+fp/softfp\libc.a(libc_a-mallocr.o)
                0x100016a8                _malloc_r
 .text.__malloc_lock
                0x10001c40        0xc C:/Program Files (x86)/Arm GNU Toolchain arm-none-eabi/14.3 rel1/bin/../lib/gcc/arm-none-eabi/14.3.1/../../../../arm-none-eabi/lib/thumb/v7e-m+fp/softfp\libc.a(libc_a-mlock.o)
                0x10001c40                __malloc_lock
 .text.__malloc_unlock
                0x10001c4c        0xc C:/Program Files (x86)/Arm GNU Toolchain arm-none-eabi/14.3 rel1/bin/../lib/gcc/arm-none-eabi/14.3.1/../../../../arm-none-eabi/lib/thumb/v7e-m+fp/softfp\libc.a(libc_a-mlock.o)
                0x10001c4c                __malloc_unlock
 .text.stdio_exit_handler
                0x10001c58       0x18 C:/Program Files (x86)/Arm GNU Toolchain arm-none-eabi/14.3 rel1/bin/../lib/gcc/arm-none-eabi/14.3.1/../../../../arm-none-eabi/lib/thumb/v7e-m+fp/softfp\libc.a(libc_a-findfp.o)
 .text.cleanup_stdio
                0x10001c70       0x40 C:/Program Files (x86)/Arm GNU Toolchain arm-none-eabi/14.3 rel1/bin/../lib/gcc/arm-none-eabi/14.3.1/../../../../arm-none-eabi/lib/thumb/v7e-m+fp/softfp\libc.a(libc_a-findfp.o)
 .text.global_stdio_init.part.0
                0x10001cb0       0xf0 C:/Program Files (x86)/Arm GNU Toolchain arm-none-eabi/14.3 rel1/bin/../lib/gcc/arm-none-eabi/14.3.1/../../../../arm-none-eabi/lib/thumb/v7e-m+fp/softfp\libc.a(libc_a-findfp.o)
 .text.__sinit  0x10001da0       0x3c C:/Program Files (x86)/Arm GNU Toolchain arm-none-eabi/14.3 rel1/bin/../lib/gcc/arm-none-eabi/14.3.1/../../../../arm-none-eabi/lib/thumb/v7e-m+fp/softfp\libc.a(libc_a-findfp.o)
                0x10001da0                __sinit
 .text.__sfp_lock_acquire
                0x10001ddc        0xc C:/Program Files (x86)/Arm GNU Toolchain arm-none-eabi/14.3 rel1/bin/../lib/gcc/arm-none-eabi/14.3.1/../../../../arm-none-eabi/lib/thumb/v7e-m+fp/softfp\libc.a(libc_a-findfp.o)
                0x10001ddc                __sfp_lock_acquire
 .text.__sfp_lock_release
                0x10001de8        0xc C:/Program Files (x86)/Arm GNU Toolchain arm-none-eabi/14.3 rel1/bin/../lib/gcc/arm-none-eabi/14.3.1/../../../../arm-none-eabi/lib/thumb/v7e-m+fp/softfp\libc.a(libc_a-findfp.o)
                0x10001de8                __sfp_lock_release
 .text._fwalk_sglue
                0x10001df4       0x44 C:/Program Files (x86)/Arm GNU Toolchain arm-none-eabi/14.3 rel1/bin/../lib/gcc/arm-none-eabi/14.3.1/../../../../arm-none-eabi/lib/thumb/v7e-m+fp/softfp\libc.a(libc_a-fwalk.o)
                0x10001df4                _fwalk_sglue
 .text.printf   0x10001e38       0x28 C:/Program Files (x86)/Arm GNU Toolchain arm-none-eabi/14.3 rel1/bin/../lib/gcc/arm-none-eabi/14.3.1/../../../../arm-none-eabi/lib/thumb/v7e-m+fp/softfp\libc.a(libc_a-printf.o)
                0x10001e38                printf
 .text._puts_r  0x10001e60       0xbc C:/Program Files (x86)/Arm GNU Toolchain arm-none-eabi/14.3 rel1/bin/../lib/gcc/arm-none-eabi/14.3.1/../../../../arm-none-eabi/lib/thumb/v7e-m+fp/softfp\libc.a(libc_a-puts.o)
                0x10001e60                _puts_r
 .text.puts     0x10001f1c       0x10 C:/Program Files (x86)/Arm GNU Toolchain arm-none-eabi/14.3 rel1/bin/../lib/gcc/arm-none-eabi/14.3.1/../../../../arm-none-eabi/lib/thumb/v7e-m+fp/softfp\libc.a(libc_a-puts.o)
                0x10001f1c                puts
 .text.__sread  0x10001f2c       0x24 C:/Program Files (x86)/Arm GNU Toolchain arm-none-eabi/14.3 rel1/bin/../lib/gcc/arm-none-eabi/14.3.1/../../../../arm-none-eabi/lib/thumb/v7e-m+fp/softfp\libc.a(libc_a-stdio.o)
                0x10001f2c                __sread
 .text.__swrite
                0x10001f50       0x40 C:/Program Files (x86)/Arm GNU Toolchain arm-none-eabi/14.3 rel1/bin/../lib/gcc/arm-none-eabi/14.3.1/../../../../arm-none-eabi/lib/thumb/v7e-m+fp/softfp\libc.a(libc_a-stdio.o)
                0x10001f50                __swrite
 .text.__sseek  0x10001f90       0x24 C:/Program Files (x86)/Arm GNU Toolchain arm-none-eabi/14.3 rel1/bin/../lib/gcc/arm-none-eabi/14.3.1/../../../../arm-none-eabi/lib/thumb/v7e-m+fp/softfp\libc.a(libc_a-stdio.o)
                0x10001f90                __sseek
 .text.__sclose
                0x10001fb4        0x8 C:/Program Files (x86)/Arm GNU Toolchain arm-none-eabi/14.3 rel1/bin/../lib/gcc/arm-none-eabi/14.3.1/../../../../arm-none-eabi/lib/thumb/v7e-m+fp/softfp\libc.a(libc_a-stdio.o)
                0x10001fb4                __sclose
 .text.memset   0x10001fbc       0x9c C:/Program Files (x86)/Arm GNU Toolchain arm-none-eabi/14.3 rel1/bin/../lib/gcc/arm-none-eabi/14.3.1/../../../../arm-none-eabi/lib/thumb/v7e-m+fp/softfp\libc.a(libc_a-memset.o)
                0x10001fbc                memset
 .text._close_r
                0x10002058       0x24 C:/Program Files (x86)/Arm GNU Toolchain arm-none-eabi/14.3 rel1/bin/../lib/gcc/arm-none-eabi/14.3.1/../../../../arm-none-eabi/lib/thumb/v7e-m+fp/softfp\libc.a(libc_a-closer.o)
                0x10002058                _close_r
 .text._lseek_r
                0x1000207c       0x2c C:/Program Files (x86)/Arm GNU Toolchain arm-none-eabi/14.3 rel1/bin/../lib/gcc/arm-none-eabi/14.3.1/../../../../arm-none-eabi/lib/thumb/v7e-m+fp/softfp\libc.a(libc_a-lseekr.o)
                0x1000207c                _lseek_r
 .text._read_r  0x100020a8       0x2c C:/Program Files (x86)/Arm GNU Toolchain arm-none-eabi/14.3 rel1/bin/../lib/gcc/arm-none-eabi/14.3.1/../../../../arm-none-eabi/lib/thumb/v7e-m+fp/softfp\libc.a(libc_a-readr.o)
                0x100020a8                _read_r
 .text._sbrk_r  0x100020d4       0x24 C:/Program Files (x86)/Arm GNU Toolchain arm-none-eabi/14.3 rel1/bin/../lib/gcc/arm-none-eabi/14.3.1/../../../../arm-none-eabi/lib/thumb/v7e-m+fp/softfp\libc.a(libc_a-sbrkr.o)
                0x100020d4                _sbrk_r
 .text._write_r
                0x100020f8       0x2c C:/Program Files (x86)/Arm GNU Toolchain arm-none-eabi/14.3 rel1/bin/../lib/gcc/arm-none-eabi/14.3.1/../../../../arm-none-eabi/lib/thumb/v7e-m+fp/softfp\libc.a(libc_a-writer.o)
                0x100020f8                _write_r
 .text.__errno  0x10002124        0xc C:/Program Files (x86)/Arm GNU Toolchain arm-none-eabi/14.3 rel1/bin/../lib/gcc/arm-none-eabi/14.3.1/../../../../arm-none-eabi/lib/thumb/v7e-m+fp/softfp\libc.a(libc_a-errno.o)
                0x10002124                __errno
 .text.__libc_init_array
                0x10002130       0x50 C:/Program Files (x86)/Arm GNU Toolchain arm-none-eabi/14.3 rel1/bin/../lib/gcc/arm-none-eabi/14.3.1/../../../../arm-none-eabi/lib/thumb/v7e-m+fp/softfp\libc.a(libc_a-init.o)
                0x10002130                __libc_init_array
 .text.__retarget_lock_init_recursive
                0x10002180        0x4 C:/Program Files (x86)/Arm GNU Toolchain arm-none-eabi/14.3 rel1/bin/../lib/gcc/arm-none-eabi/14.3.1/../../../../arm-none-eabi/lib/thumb/v7e-m+fp/softfp\libc.a(libc_a-lock.o)
                0x10002180                __retarget_lock_init_recursive
 .text.__retarget_lock_close_recursive
                0x10002184        0x4 C:/Program Files (x86)/Arm GNU Toolchain arm-none-eabi/14.3 rel1/bin/../lib/gcc/arm-none-eabi/14.3.1/../../../../arm-none-eabi/lib/thumb/v7e-m+fp/softfp\libc.a(libc_a-lock.o)
                0x10002184                __retarget_lock_close_recursive
 .text.__retarget_lock_acquire_recursive
                0x10002188        0x4 C:/Program Files (x86)/Arm GNU Toolchain arm-none-eabi/14.3 rel1/bin/../lib/gcc/arm-none-eabi/14.3.1/../../../../arm-none-eabi/lib/thumb/v7e-m+fp/softfp\libc.a(libc_a-lock.o)
                0x10002188                __retarget_lock_acquire_recursive
 .text.__retarget_lock_release_recursive
                0x1000218c        0x4 C:/Program Files (x86)/Arm GNU Toolchain arm-none-eabi/14.3 rel1/bin/../lib/gcc/arm-none-eabi/14.3.1/../../../../arm-none-eabi/lib/thumb/v7e-m+fp/softfp\libc.a(libc_a-lock.o)
                0x1000218c                __retarget_lock_release_recursive
 .text.sysconf  0x10002190       0x1c C:/Program Files (x86)/Arm GNU Toolchain arm-none-eabi/14.3 rel1/bin/../lib/gcc/arm-none-eabi/14.3.1/../../../../arm-none-eabi/lib/thumb/v7e-m+fp/softfp\libc.a(libc_a-sysconf.o)
                0x10002190                sysconf
 .text          0x100021ac      0x134 C:/Program Files (x86)/Arm GNU Toolchain arm-none-eabi/14.3 rel1/bin/../lib/gcc/arm-none-eabi/14.3.1/../../../../arm-none-eabi/lib/thumb/v7e-m+fp/softfp\libc.a(libc_a-memcpy.o)
                0x100021ac                memcpy
 *fill*         0x100022e0       0x20 
 .text          0x10002300       0xd8 C:/Program Files (x86)/Arm GNU Toolchain arm-none-eabi/14.3 rel1/bin/../lib/gcc/arm-none-eabi/14.3.1/../../../../arm-none-eabi/lib/thumb/v7e-m+fp/softfp\libc.a(libc_a-strlen.o)
                0x10002300                strlen
 .text.startup.register_fini
                0x100023d8       0x14 C:/Program Files (x86)/Arm GNU Toolchain arm-none-eabi/14.3 rel1/bin/../lib/gcc/arm-none-eabi/14.3.1/../../../../arm-none-eabi/lib/thumb/v7e-m+fp/softfp\libc.a(libc_a-__call_atexit.o)
 .text.atexit   0x100023ec        0xc C:/Program Files (x86)/Arm GNU Toolchain arm-none-eabi/14.3 rel1/bin/../lib/gcc/arm-none-eabi/14.3.1/../../../../arm-none-eabi/lib/thumb/v7e-m+fp/softfp\libc.a(libc_a-atexit.o)
                0x100023ec                atexit
 .text._malloc_trim_r
                0x100023f8       0xb8 C:/Program Files (x86)/Arm GNU Toolchain arm-none-eabi/14.3 rel1/bin/../lib/gcc/arm-none-eabi/14.3.1/../../../../arm-none-eabi/lib/thumb/v7e-m+fp/softfp\libc.a(libc_a-freer.o)
                0x100023f8                _malloc_trim_r
 .text._free_r  0x100024b0      0x1f0 C:/Program Files (x86)/Arm GNU Toolchain arm-none-eabi/14.3 rel1/bin/../lib/gcc/arm-none-eabi/14.3.1/../../../../arm-none-eabi/lib/thumb/v7e-m+fp/softfp\libc.a(libc_a-freer.o)
                0x100024b0                _free_r
 .text._vfprintf_r
                0x100026a0     0x2320 C:/Program Files (x86)/Arm GNU Toolchain arm-none-eabi/14.3 rel1/bin/../lib/gcc/arm-none-eabi/14.3.1/../../../../arm-none-eabi/lib/thumb/v7e-m+fp/softfp\libc.a(libc_a-vfprintf.o)
                0x100026a0                _vfprintf_r
 .text.__sbprintf
                0x100049c0       0x84 C:/Program Files (x86)/Arm GNU Toolchain arm-none-eabi/14.3 rel1/bin/../lib/gcc/arm-none-eabi/14.3.1/../../../../arm-none-eabi/lib/thumb/v7e-m+fp/softfp\libc.a(libc_a-vfprintf.o)
 .text.__sprint_r
                0x10004a44       0x20 C:/Program Files (x86)/Arm GNU Toolchain arm-none-eabi/14.3 rel1/bin/../lib/gcc/arm-none-eabi/14.3.1/../../../../arm-none-eabi/lib/thumb/v7e-m+fp/softfp\libc.a(libc_a-sprint_r.o)
                0x10004a44                __sprint_r
 .text._fclose_r
                0x10004a64       0xc0 C:/Program Files (x86)/Arm GNU Toolchain arm-none-eabi/14.3 rel1/bin/../lib/gcc/arm-none-eabi/14.3.1/../../../../arm-none-eabi/lib/thumb/v7e-m+fp/softfp\libc.a(libc_a-fclose.o)
                0x10004a64                _fclose_r
 .text.__sflush_r
                0x10004b24      0x138 C:/Program Files (x86)/Arm GNU Toolchain arm-none-eabi/14.3 rel1/bin/../lib/gcc/arm-none-eabi/14.3.1/../../../../arm-none-eabi/lib/thumb/v7e-m+fp/softfp\libc.a(libc_a-fflush.o)
                0x10004b24                __sflush_r
 .text._fflush_r
                0x10004c5c       0x54 C:/Program Files (x86)/Arm GNU Toolchain arm-none-eabi/14.3 rel1/bin/../lib/gcc/arm-none-eabi/14.3.1/../../../../arm-none-eabi/lib/thumb/v7e-m+fp/softfp\libc.a(libc_a-fflush.o)
                0x10004c5c                _fflush_r
 .text.__sfvwrite_r
                0x10004cb0      0x2ec C:/Program Files (x86)/Arm GNU Toolchain arm-none-eabi/14.3 rel1/bin/../lib/gcc/arm-none-eabi/14.3.1/../../../../arm-none-eabi/lib/thumb/v7e-m+fp/softfp\libc.a(libc_a-fvwrite.o)
                0x10004cb0                __sfvwrite_r
 .text.__swsetup_r
                0x10004f9c       0xfc C:/Program Files (x86)/Arm GNU Toolchain arm-none-eabi/14.3 rel1/bin/../lib/gcc/arm-none-eabi/14.3.1/../../../../arm-none-eabi/lib/thumb/v7e-m+fp/softfp\libc.a(libc_a-wsetup.o)
                0x10004f9c                __swsetup_r
 .text.memmove  0x10005098      0x130 C:/Program Files (x86)/Arm GNU Toolchain arm-none-eabi/14.3 rel1/bin/../lib/gcc/arm-none-eabi/14.3.1/../../../../arm-none-eabi/lib/thumb/v7e-m+fp/softfp\libc.a(libc_a-memmove.o)
                0x10005098                memmove
 .text.strncpy  0x100051c8       0x68 C:/Program Files (x86)/Arm GNU Toolchain arm-none-eabi/14.3 rel1/bin/../lib/gcc/arm-none-eabi/14.3.1/../../../../arm-none-eabi/lib/thumb/v7e-m+fp/softfp\libc.a(libc_a-strncpy.o)
                0x100051c8                strncpy
 .text.__locale_mb_cur_max
                0x10005230        0xc C:/Program Files (x86)/Arm GNU Toolchain arm-none-eabi/14.3 rel1/bin/../lib/gcc/arm-none-eabi/14.3.1/../../../../arm-none-eabi/lib/thumb/v7e-m+fp/softfp\libc.a(libc_a-locale.o)
                0x10005230                __locale_mb_cur_max
 .text._localeconv_r
                0x1000523c        0x8 C:/Program Files (x86)/Arm GNU Toolchain arm-none-eabi/14.3 rel1/bin/../lib/gcc/arm-none-eabi/14.3.1/../../../../arm-none-eabi/lib/thumb/v7e-m+fp/softfp\libc.a(libc_a-localeconv.o)
                0x1000523c                _localeconv_r
 .text.__libc_fini_array
                0x10005244       0x28 C:/Program Files (x86)/Arm GNU Toolchain arm-none-eabi/14.3 rel1/bin/../lib/gcc/arm-none-eabi/14.3.1/../../../../arm-none-eabi/lib/thumb/v7e-m+fp/softfp\libc.a(libc_a-fini.o)
                0x10005244                __libc_fini_array
 *fill*         0x1000526c        0x4 
 .text          0x10005270       0xa0 C:/Program Files (x86)/Arm GNU Toolchain arm-none-eabi/14.3 rel1/bin/../lib/gcc/arm-none-eabi/14.3.1/../../../../arm-none-eabi/lib/thumb/v7e-m+fp/softfp\libc.a(libc_a-memchr.o)
                0x10005270                memchr
 .text.frexp    0x10005310       0x6c C:/Program Files (x86)/Arm GNU Toolchain arm-none-eabi/14.3 rel1/bin/../lib/gcc/arm-none-eabi/14.3.1/../../../../arm-none-eabi/lib/thumb/v7e-m+fp/softfp\libc.a(libm_a-s_frexp.o)
                0x10005310                frexp
 .text.__register_exitproc
                0x1000537c       0x80 C:/Program Files (x86)/Arm GNU Toolchain arm-none-eabi/14.3 rel1/bin/../lib/gcc/arm-none-eabi/14.3.1/../../../../arm-none-eabi/lib/thumb/v7e-m+fp/softfp\libc.a(libc_a-__atexit.o)
                0x1000537c                __register_exitproc
 .text.quorem   0x100053fc      0x12c C:/Program Files (x86)/Arm GNU Toolchain arm-none-eabi/14.3 rel1/bin/../lib/gcc/arm-none-eabi/14.3.1/../../../../arm-none-eabi/lib/thumb/v7e-m+fp/softfp\libc.a(libc_a-dtoa.o)
 .text._dtoa_r  0x10005528     0x1034 C:/Program Files (x86)/Arm GNU Toolchain arm-none-eabi/14.3 rel1/bin/../lib/gcc/arm-none-eabi/14.3.1/../../../../arm-none-eabi/lib/thumb/v7e-m+fp/softfp\libc.a(libc_a-dtoa.o)
                0x10005528                _dtoa_r
 .text.__ascii_mbtowc
                0x1000655c       0x2c C:/Program Files (x86)/Arm GNU Toolchain arm-none-eabi/14.3 rel1/bin/../lib/gcc/arm-none-eabi/14.3.1/../../../../arm-none-eabi/lib/thumb/v7e-m+fp/softfp\libc.a(libc_a-mbtowc_r.o)
                0x1000655c                __ascii_mbtowc
 .text._Balloc  0x10006588       0x4c C:/Program Files (x86)/Arm GNU Toolchain arm-none-eabi/14.3 rel1/bin/../lib/gcc/arm-none-eabi/14.3.1/../../../../arm-none-eabi/lib/thumb/v7e-m+fp/softfp\libc.a(libc_a-mprec.o)
                0x10006588                _Balloc
 .text._Bfree   0x100065d4       0x14 C:/Program Files (x86)/Arm GNU Toolchain arm-none-eabi/14.3 rel1/bin/../lib/gcc/arm-none-eabi/14.3.1/../../../../arm-none-eabi/lib/thumb/v7e-m+fp/softfp\libc.a(libc_a-mprec.o)
                0x100065d4                _Bfree
 .text.__multadd
                0x100065e8       0xa0 C:/Program Files (x86)/Arm GNU Toolchain arm-none-eabi/14.3 rel1/bin/../lib/gcc/arm-none-eabi/14.3.1/../../../../arm-none-eabi/lib/thumb/v7e-m+fp/softfp\libc.a(libc_a-mprec.o)
                0x100065e8                __multadd
 .text.__hi0bits
                0x10006688       0x54 C:/Program Files (x86)/Arm GNU Toolchain arm-none-eabi/14.3 rel1/bin/../lib/gcc/arm-none-eabi/14.3.1/../../../../arm-none-eabi/lib/thumb/v7e-m+fp/softfp\libc.a(libc_a-mprec.o)
                0x10006688                __hi0bits
 .text.__lo0bits
                0x100066dc       0x80 C:/Program Files (x86)/Arm GNU Toolchain arm-none-eabi/14.3 rel1/bin/../lib/gcc/arm-none-eabi/14.3.1/../../../../arm-none-eabi/lib/thumb/v7e-m+fp/softfp\libc.a(libc_a-mprec.o)
                0x100066dc                __lo0bits
 .text.__i2b    0x1000675c       0x5c C:/Program Files (x86)/Arm GNU Toolchain arm-none-eabi/14.3 rel1/bin/../lib/gcc/arm-none-eabi/14.3.1/../../../../arm-none-eabi/lib/thumb/v7e-m+fp/softfp\libc.a(libc_a-mprec.o)
                0x1000675c                __i2b
 .text.__multiply
                0x100067b8      0x16c C:/Program Files (x86)/Arm GNU Toolchain arm-none-eabi/14.3 rel1/bin/../lib/gcc/arm-none-eabi/14.3.1/../../../../arm-none-eabi/lib/thumb/v7e-m+fp/softfp\libc.a(libc_a-mprec.o)
                0x100067b8                __multiply
 .text.__pow5mult
                0x10006924       0xc0 C:/Program Files (x86)/Arm GNU Toolchain arm-none-eabi/14.3 rel1/bin/../lib/gcc/arm-none-eabi/14.3.1/../../../../arm-none-eabi/lib/thumb/v7e-m+fp/softfp\libc.a(libc_a-mprec.o)
                0x10006924                __pow5mult
 .text.__lshift
                0x100069e4       0xe8 C:/Program Files (x86)/Arm GNU Toolchain arm-none-eabi/14.3 rel1/bin/../lib/gcc/arm-none-eabi/14.3.1/../../../../arm-none-eabi/lib/thumb/v7e-m+fp/softfp\libc.a(libc_a-mprec.o)
                0x100069e4                __lshift
 .text.__mcmp   0x10006acc       0x44 C:/Program Files (x86)/Arm GNU Toolchain arm-none-eabi/14.3 rel1/bin/../lib/gcc/arm-none-eabi/14.3.1/../../../../arm-none-eabi/lib/thumb/v7e-m+fp/softfp\libc.a(libc_a-mprec.o)
                0x10006acc                __mcmp
 .text.__mdiff  0x10006b10      0x174 C:/Program Files (x86)/Arm GNU Toolchain arm-none-eabi/14.3 rel1/bin/../lib/gcc/arm-none-eabi/14.3.1/../../../../arm-none-eabi/lib/thumb/v7e-m+fp/softfp\libc.a(libc_a-mprec.o)
                0x10006b10                __mdiff
 .text.__d2b    0x10006c84       0xb8 C:/Program Files (x86)/Arm GNU Toolchain arm-none-eabi/14.3 rel1/bin/../lib/gcc/arm-none-eabi/14.3.1/../../../../arm-none-eabi/lib/thumb/v7e-m+fp/softfp\libc.a(libc_a-mprec.o)
                0x10006c84                __d2b
 .text._realloc_r
                0x10006d3c      0x348 C:/Program Files (x86)/Arm GNU Toolchain arm-none-eabi/14.3 rel1/bin/../lib/gcc/arm-none-eabi/14.3.1/../../../../arm-none-eabi/lib/thumb/v7e-m+fp/softfp\libc.a(libc_a-reallocr.o)
                0x10006d3c                _realloc_r
 .text.__ascii_wctomb
                0x10007084       0x1c C:/Program Files (x86)/Arm GNU Toolchain arm-none-eabi/14.3 rel1/bin/../lib/gcc/arm-none-eabi/14.3.1/../../../../arm-none-eabi/lib/thumb/v7e-m+fp/softfp\libc.a(libc_a-wctomb_r.o)
                0x10007084                __ascii_wctomb
 .text._wcrtomb_r
                0x100070a0       0x4c C:/Program Files (x86)/Arm GNU Toolchain arm-none-eabi/14.3 rel1/bin/../lib/gcc/arm-none-eabi/14.3.1/../../../../arm-none-eabi/lib/thumb/v7e-m+fp/softfp\libc.a(libc_a-wcrtomb.o)
                0x100070a0                _wcrtomb_r
 .text._wcsrtombs_r
                0x100070ec       0x18 C:/Program Files (x86)/Arm GNU Toolchain arm-none-eabi/14.3 rel1/bin/../lib/gcc/arm-none-eabi/14.3.1/../../../../arm-none-eabi/lib/thumb/v7e-m+fp/softfp\libc.a(libc_a-wcsrtombs.o)
                0x100070ec                _wcsrtombs_r
 .text.__smakebuf_r
                0x10007104       0xd0 C:/Program Files (x86)/Arm GNU Toolchain arm-none-eabi/14.3 rel1/bin/../lib/gcc/arm-none-eabi/14.3.1/../../../../arm-none-eabi/lib/thumb/v7e-m+fp/softfp\libc.a(libc_a-makebuf.o)
                0x10007104                __smakebuf_r
 .text._fstat_r
                0x100071d4       0x2c C:/Program Files (x86)/Arm GNU Toolchain arm-none-eabi/14.3 rel1/bin/../lib/gcc/arm-none-eabi/14.3.1/../../../../arm-none-eabi/lib/thumb/v7e-m+fp/softfp\libc.a(libc_a-fstatr.o)
                0x100071d4                _fstat_r
 .text._isatty_r
                0x10007200       0x24 C:/Program Files (x86)/Arm GNU Toolchain arm-none-eabi/14.3 rel1/bin/../lib/gcc/arm-none-eabi/14.3.1/../../../../arm-none-eabi/lib/thumb/v7e-m+fp/softfp\libc.a(libc_a-isattyr.o)
                0x10007200                _isatty_r
 .text.__assert_func
                0x10007224       0x40 C:/Program Files (x86)/Arm GNU Toolchain arm-none-eabi/14.3 rel1/bin/../lib/gcc/arm-none-eabi/14.3.1/../../../../arm-none-eabi/lib/thumb/v7e-m+fp/softfp\libc.a(libc_a-assert.o)
                0x10007224                __assert_func
 .text._calloc_r
                0x10007264       0x6c C:/Program Files (x86)/Arm GNU Toolchain arm-none-eabi/14.3 rel1/bin/../lib/gcc/arm-none-eabi/14.3.1/../../../../arm-none-eabi/lib/thumb/v7e-m+fp/softfp\libc.a(libc_a-callocr.o)
                0x10007264                _calloc_r
 .text._wcsnrtombs_l
                0x100072d0       0xf0 C:/Program Files (x86)/Arm GNU Toolchain arm-none-eabi/14.3 rel1/bin/../lib/gcc/arm-none-eabi/14.3.1/../../../../arm-none-eabi/lib/thumb/v7e-m+fp/softfp\libc.a(libc_a-wcsnrtombs.o)
                0x100072d0                _wcsnrtombs_l
 .text._wcsnrtombs_r
                0x100073c0       0x24 C:/Program Files (x86)/Arm GNU Toolchain arm-none-eabi/14.3 rel1/bin/../lib/gcc/arm-none-eabi/14.3.1/../../../../arm-none-eabi/lib/thumb/v7e-m+fp/softfp\libc.a(libc_a-wcsnrtombs.o)
                0x100073c0                _wcsnrtombs_r
 .text.fiprintf
                0x100073e4       0x28 C:/Program Files (x86)/Arm GNU Toolchain arm-none-eabi/14.3 rel1/bin/../lib/gcc/arm-none-eabi/14.3.1/../../../../arm-none-eabi/lib/thumb/v7e-m+fp/softfp\libc.a(libc_a-fiprintf.o)
                0x100073e4                fiprintf
 .text._vfiprintf_r
                0x1000740c     0x1288 C:/Program Files (x86)/Arm GNU Toolchain arm-none-eabi/14.3 rel1/bin/../lib/gcc/arm-none-eabi/14.3.1/../../../../arm-none-eabi/lib/thumb/v7e-m+fp/softfp\libc.a(libc_a-vfiprintf.o)
                0x1000740c                _vfiprintf_r
 .text.__sbprintf
                0x10008694       0x84 C:/Program Files (x86)/Arm GNU Toolchain arm-none-eabi/14.3 rel1/bin/../lib/gcc/arm-none-eabi/14.3.1/../../../../arm-none-eabi/lib/thumb/v7e-m+fp/softfp\libc.a(libc_a-vfiprintf.o)
 .text.abort    0x10008718       0x10 C:/Program Files (x86)/Arm GNU Toolchain arm-none-eabi/14.3 rel1/bin/../lib/gcc/arm-none-eabi/14.3.1/../../../../arm-none-eabi/lib/thumb/v7e-m+fp/softfp\libc.a(libc_a-abort.o)
                0x10008718                abort
 .text.raise    0x10008728       0x58 C:/Program Files (x86)/Arm GNU Toolchain arm-none-eabi/14.3 rel1/bin/../lib/gcc/arm-none-eabi/14.3.1/../../../../arm-none-eabi/lib/thumb/v7e-m+fp/softfp\libc.a(libc_a-signal.o)
                0x10008728                raise
 .text._kill_r  0x10008780       0x2c C:/Program Files (x86)/Arm GNU Toolchain arm-none-eabi/14.3 rel1/bin/../lib/gcc/arm-none-eabi/14.3.1/../../../../arm-none-eabi/lib/thumb/v7e-m+fp/softfp\libc.a(libc_a-signalr.o)
                0x10008780                _kill_r
 .text._getpid_r
                0x100087ac        0x4 C:/Program Files (x86)/Arm GNU Toolchain arm-none-eabi/14.3 rel1/bin/../lib/gcc/arm-none-eabi/14.3.1/../../../../arm-none-eabi/lib/thumb/v7e-m+fp/softfp\libc.a(libc_a-signalr.o)
                0x100087ac                _getpid_r
 .text._exit    0x100087b0        0x4 C:/Program Files (x86)/Arm GNU Toolchain arm-none-eabi/14.3 rel1/bin/../lib/gcc/arm-none-eabi/14.3.1/../../../../arm-none-eabi/lib/thumb/v7e-m+fp/softfp\libnosys.a(_exit.o)
                0x100087b0                _exit
 .text          0x100087b4      0x378 C:/Program Files (x86)/Arm GNU Toolchain arm-none-eabi/14.3 rel1/bin/../lib/gcc/arm-none-eabi/14.3.1/thumb/v7e-m+fp/softfp\libgcc.a(_arm_addsubdf3.o)
                0x100087b4                __aeabi_drsub
                0x100087bc                __aeabi_dsub
                0x100087bc                __subdf3
                0x100087c0                __aeabi_dadd
                0x100087c0                __adddf3
                0x10008a38                __floatunsidf
                0x10008a38                __aeabi_ui2d
                0x10008a58                __floatsidf
                0x10008a58                __aeabi_i2d
                0x10008a7c                __aeabi_f2d
                0x10008a7c                __extendsfdf2
                0x10008ac0                __floatundidf
                0x10008ac0                __aeabi_ul2d
                0x10008ad0                __floatdidf
                0x10008ad0                __aeabi_l2d
 .text          0x10008b2c      0x424 C:/Program Files (x86)/Arm GNU Toolchain arm-none-eabi/14.3 rel1/bin/../lib/gcc/arm-none-eabi/14.3.1/thumb/v7e-m+fp/softfp\libgcc.a(_arm_muldivdf3.o)
                0x10008b2c                __aeabi_dmul
                0x10008b2c                __muldf3
                0x10008d80                __divdf3
                0x10008d80                __aeabi_ddiv
 .text          0x10008f50      0x110 C:/Program Files (x86)/Arm GNU Toolchain arm-none-eabi/14.3 rel1/bin/../lib/gcc/arm-none-eabi/14.3.1/thumb/v7e-m+fp/softfp\libgcc.a(_arm_cmpdf2.o)
                0x10008f50                __gtdf2
                0x10008f50                __gedf2
                0x10008f58                __ltdf2
                0x10008f58                __ledf2
                0x10008f60                __nedf2
                0x10008f60                __eqdf2
                0x10008f60                __cmpdf2
                0x10008fdc                __aeabi_cdrcmple
                0x10008fec                __aeabi_cdcmpeq
                0x10008fec                __aeabi_cdcmple
                0x10008ffc                __aeabi_dcmpeq
                0x10009010                __aeabi_dcmplt
                0x10009024                __aeabi_dcmple
                0x10009038                __aeabi_dcmpge
                0x1000904c                __aeabi_dcmpgt
 .text          0x10009060       0x2c C:/Program Files (x86)/Arm GNU Toolchain arm-none-eabi/14.3 rel1/bin/../lib/gcc/arm-none-eabi/14.3.1/thumb/v7e-m+fp/softfp\libgcc.a(_arm_unorddf2.o)
                0x10009060                __unorddf2
                0x10009060                __aeabi_dcmpun
 .text          0x1000908c       0x50 C:/Program Files (x86)/Arm GNU Toolchain arm-none-eabi/14.3 rel1/bin/../lib/gcc/arm-none-eabi/14.3.1/thumb/v7e-m+fp/softfp\libgcc.a(_arm_fixdfsi.o)
                0x1000908c                __aeabi_d2iz
                0x1000908c                __fixdfsi
 .text          0x100090dc       0x30 C:/Program Files (x86)/Arm GNU Toolchain arm-none-eabi/14.3 rel1/bin/../lib/gcc/arm-none-eabi/14.3.1/thumb/v7e-m+fp/softfp\libgcc.a(_aeabi_uldivmod.o)
                0x100090dc                __aeabi_uldivmod
 .text.__udivmoddi4
                0x1000910c      0x2f8 C:/Program Files (x86)/Arm GNU Toolchain arm-none-eabi/14.3 rel1/bin/../lib/gcc/arm-none-eabi/14.3.1/thumb/v7e-m+fp/softfp\libgcc.a(_udivmoddi4.o)
                0x1000910c                __udivmoddi4
 .text          0x10009404        0x4 C:/Program Files (x86)/Arm GNU Toolchain arm-none-eabi/14.3 rel1/bin/../lib/gcc/arm-none-eabi/14.3.1/thumb/v7e-m+fp/softfp\libgcc.a(_dvmd_tls.o)
                0x10009404                __aeabi_idiv0
                0x10009404                __aeabi_ldiv0
 *(.rodata*)
 .rodata.main.str1.4
                0x10009408      0x3f3 C:/Users/keydo/Documents/mdsk_projects/Hello_World/build/main.o
                                 0x1c (size before relaxing)
 .rodata.mxc_assert.str1.4
                0x100097fb       0x19 C:/Users/keydo/Documents/mdsk_projects/Hello_World/build/board.o
 .rodata.Board_Init.str1.4
                0x100097fb       0x69 C:/Users/keydo/Documents/mdsk_projects/Hello_World/build/board.o
 *fill*         0x100097fb        0x1 
 .rodata.num_leds
                0x100097fc        0x4 C:/Users/keydo/Documents/mdsk_projects/Hello_World/build/board.o
                0x100097fc                num_leds
 .rodata.led_pin
                0x10009800       0x18 C:/Users/keydo/Documents/mdsk_projects/Hello_World/build/board.o
                0x10009800                led_pin
 .rodata.num_pbs
                0x10009818        0x4 C:/Users/keydo/Documents/mdsk_projects/Hello_World/build/board.o
                0x10009818                num_pbs
 .rodata.pb_pin
                0x1000981c        0xc C:/Users/keydo/Documents/mdsk_projects/Hello_World/build/board.o
                0x1000981c                pb_pin
 .rodata.LED_On.str1.4
                0x10009828       0x63 C:/Users/keydo/Documents/mdsk_projects/Hello_World/build/led.o
 .rodata.MXC_UART_RevB_Init.str1.4
                0x10009828       0x93 C:/Users/keydo/Documents/mdsk_projects/SENT/msdk/Libraries/PeriphDrivers/bin/MAX32672/spi-v1_softfp/libPeriphDriver_spi-v1_softfp.a(uart_revb.o)
 .rodata.MXC_UART_RevB_SetClockSource.str1.4
                0x10009828       0x27 C:/Users/keydo/Documents/mdsk_projects/SENT/msdk/Libraries/PeriphDrivers/bin/MAX32672/spi-v1_softfp/libPeriphDriver_spi-v1_softfp.a(uart_revb.o)
 .rodata.gpio_cfg_uart3
                0x10009828        0xc C:/Users/keydo/Documents/mdsk_projects/SENT/msdk/Libraries/PeriphDrivers/bin/MAX32672/spi-v1_softfp/libPeriphDriver_spi-v1_softfp.a(pins_me21.o)
                0x10009828                gpio_cfg_uart3
 .rodata.gpio_cfg_uart2b
                0x10009834        0xc C:/Users/keydo/Documents/mdsk_projects/SENT/msdk/Libraries/PeriphDrivers/bin/MAX32672/spi-v1_softfp/libPeriphDriver_spi-v1_softfp.a(pins_me21.o)
                0x10009834                gpio_cfg_uart2b
 .rodata.gpio_cfg_uart2
                0x10009840        0xc C:/Users/keydo/Documents/mdsk_projects/SENT/msdk/Libraries/PeriphDrivers/bin/MAX32672/spi-v1_softfp/libPeriphDriver_spi-v1_softfp.a(pins_me21.o)
                0x10009840                gpio_cfg_uart2
 .rodata.gpio_cfg_uart1b
                0x1000984c        0xc C:/Users/keydo/Documents/mdsk_projects/SENT/msdk/Libraries/PeriphDrivers/bin/MAX32672/spi-v1_softfp/libPeriphDriver_spi-v1_softfp.a(pins_me21.o)
                0x1000984c                gpio_cfg_uart1b
 .rodata.gpio_cfg_uart1
                0x10009858        0xc C:/Users/keydo/Documents/mdsk_projects/SENT/msdk/Libraries/PeriphDrivers/bin/MAX32672/spi-v1_softfp/libPeriphDriver_spi-v1_softfp.a(pins_me21.o)
                0x10009858                gpio_cfg_uart1
 .rodata.gpio_cfg_uart0b
                0x10009864        0xc C:/Users/keydo/Documents/mdsk_projects/SENT/msdk/Libraries/PeriphDrivers/bin/MAX32672/spi-v1_softfp/libPeriphDriver_spi-v1_softfp.a(pins_me21.o)
                0x10009864                gpio_cfg_uart0b
 .rodata.gpio_cfg_uart0
                0x10009870        0xc C:/Users/keydo/Documents/mdsk_projects/SENT/msdk/Libraries/PeriphDrivers/bin/MAX32672/spi-v1_softfp/libPeriphDriver_spi-v1_softfp.a(pins_me21.o)
                0x10009870                gpio_cfg_uart0
 .rodata.gpio_cfg_lpextclk
                0x1000987c        0xc C:/Users/keydo/Documents/mdsk_projects/SENT/msdk/Libraries/PeriphDrivers/bin/MAX32672/spi-v1_softfp/libPeriphDriver_spi-v1_softfp.a(pins_me21.o)
                0x1000987c                gpio_cfg_lpextclk
 .rodata.gpio_cfg_hfextclk
                0x10009888        0xc C:/Users/keydo/Documents/mdsk_projects/SENT/msdk/Libraries/PeriphDrivers/bin/MAX32672/spi-v1_softfp/libPeriphDriver_spi-v1_softfp.a(pins_me21.o)
                0x10009888                gpio_cfg_hfextclk
 .rodata.MXC_GPIO_Common_Handler.str1.4
                0x10009894       0x82 C:/Users/keydo/Documents/mdsk_projects/SENT/msdk/Libraries/PeriphDrivers/bin/MAX32672/spi-v1_softfp/libPeriphDriver_spi-v1_softfp.a(gpio_common.o)
 .rodata._puts_r.str1.4
                0x10009894        0x2 C:/Program Files (x86)/Arm GNU Toolchain arm-none-eabi/14.3 rel1/bin/../lib/gcc/arm-none-eabi/14.3.1/../../../../arm-none-eabi/lib/thumb/v7e-m+fp/softfp\libc.a(libc_a-puts.o)
 .rodata._vfprintf_r.str1.4
                0x10009894       0x42 C:/Program Files (x86)/Arm GNU Toolchain arm-none-eabi/14.3 rel1/bin/../lib/gcc/arm-none-eabi/14.3.1/../../../../arm-none-eabi/lib/thumb/v7e-m+fp/softfp\libc.a(libc_a-vfprintf.o)
 .rodata.zeroes.0
                0x10009894       0x10 C:/Program Files (x86)/Arm GNU Toolchain arm-none-eabi/14.3 rel1/bin/../lib/gcc/arm-none-eabi/14.3.1/../../../../arm-none-eabi/lib/thumb/v7e-m+fp/softfp\libc.a(libc_a-vfprintf.o)
 .rodata.blanks.1
                0x100098a4       0x10 C:/Program Files (x86)/Arm GNU Toolchain arm-none-eabi/14.3 rel1/bin/../lib/gcc/arm-none-eabi/14.3.1/../../../../arm-none-eabi/lib/thumb/v7e-m+fp/softfp\libc.a(libc_a-vfprintf.o)
 .rodata.str1.4
                0x100098b4       0x4c C:/Program Files (x86)/Arm GNU Toolchain arm-none-eabi/14.3 rel1/bin/../lib/gcc/arm-none-eabi/14.3.1/../../../../arm-none-eabi/lib/thumb/v7e-m+fp/softfp\libc.a(libc_a-locale.o)
 .rodata._dtoa_r.str1.4
                0x100098b4       0x81 C:/Program Files (x86)/Arm GNU Toolchain arm-none-eabi/14.3 rel1/bin/../lib/gcc/arm-none-eabi/14.3.1/../../../../arm-none-eabi/lib/thumb/v7e-m+fp/softfp\libc.a(libc_a-dtoa.o)
 .rodata.__multadd.str1.4
                0x100098b4       0x6e C:/Program Files (x86)/Arm GNU Toolchain arm-none-eabi/14.3 rel1/bin/../lib/gcc/arm-none-eabi/14.3.1/../../../../arm-none-eabi/lib/thumb/v7e-m+fp/softfp\libc.a(libc_a-mprec.o)
 .rodata.p05.0  0x100098b4        0xc C:/Program Files (x86)/Arm GNU Toolchain arm-none-eabi/14.3 rel1/bin/../lib/gcc/arm-none-eabi/14.3.1/../../../../arm-none-eabi/lib/thumb/v7e-m+fp/softfp\libc.a(libc_a-mprec.o)
 .rodata.__mprec_bigtens
                0x100098c0       0x28 C:/Program Files (x86)/Arm GNU Toolchain arm-none-eabi/14.3 rel1/bin/../lib/gcc/arm-none-eabi/14.3.1/../../../../arm-none-eabi/lib/thumb/v7e-m+fp/softfp\libc.a(libc_a-mprec.o)
                0x100098c0                __mprec_bigtens
 .rodata.__mprec_tens
                0x100098e8       0xc8 C:/Program Files (x86)/Arm GNU Toolchain arm-none-eabi/14.3 rel1/bin/../lib/gcc/arm-none-eabi/14.3.1/../../../../arm-none-eabi/lib/thumb/v7e-m+fp/softfp\libc.a(libc_a-mprec.o)
                0x100098e8                __mprec_tens
 .rodata._ctype_
                0x100099b0      0x101 C:/Program Files (x86)/Arm GNU Toolchain arm-none-eabi/14.3 rel1/bin/../lib/gcc/arm-none-eabi/14.3.1/../../../../arm-none-eabi/lib/thumb/v7e-m+fp/softfp\libc.a(libc_a-ctype_.o)
                0x100099b0                _ctype_
 .rodata.__assert_func.str1.4
                0x10009ab1       0x43 C:/Program Files (x86)/Arm GNU Toolchain arm-none-eabi/14.3 rel1/bin/../lib/gcc/arm-none-eabi/14.3.1/../../../../arm-none-eabi/lib/thumb/v7e-m+fp/softfp\libc.a(libc_a-assert.o)
 .rodata._vfiprintf_r.str1.4
                0x10009ab1       0x2f C:/Program Files (x86)/Arm GNU Toolchain arm-none-eabi/14.3 rel1/bin/../lib/gcc/arm-none-eabi/14.3.1/../../../../arm-none-eabi/lib/thumb/v7e-m+fp/softfp\libc.a(libc_a-vfiprintf.o)
 *fill*         0x10009ab1        0x3 
 .rodata.zeroes.0
                0x10009ab4       0x10 C:/Program Files (x86)/Arm GNU Toolchain arm-none-eabi/14.3 rel1/bin/../lib/gcc/arm-none-eabi/14.3.1/../../../../arm-none-eabi/lib/thumb/v7e-m+fp/softfp\libc.a(libc_a-vfiprintf.o)
 .rodata.blanks.1
                0x10009ac4       0x10 C:/Program Files (x86)/Arm GNU Toolchain arm-none-eabi/14.3 rel1/bin/../lib/gcc/arm-none-eabi/14.3.1/../../../../arm-none-eabi/lib/thumb/v7e-m+fp/softfp\libc.a(libc_a-vfiprintf.o)
 *(.init)
 .init          0x10009ad4        0x4 C:/Program Files (x86)/Arm GNU Toolchain arm-none-eabi/14.3 rel1/bin/../lib/gcc/arm-none-eabi/14.3.1/thumb/v7e-m+fp/softfp/crti.o
                0x10009ad4                _init
 .init          0x10009ad8        0x8 C:/Program Files (x86)/Arm GNU Toolchain arm-none-eabi/14.3 rel1/bin/../lib/gcc/arm-none-eabi/14.3.1/thumb/v7e-m+fp/softfp/crtn.o
 *(.fini)
 .fini          0x10009ae0        0x4 C:/Program Files (x86)/Arm GNU Toolchain arm-none-eabi/14.3 rel1/bin/../lib/gcc/arm-none-eabi/14.3.1/thumb/v7e-m+fp/softfp/crti.o
                0x10009ae0                _fini
 .fini          0x10009ae4        0x8 C:/Program Files (x86)/Arm GNU Toolchain arm-none-eabi/14.3 rel1/bin/../lib/gcc/arm-none-eabi/14.3.1/thumb/v7e-m+fp/softfp/crtn.o
 *crtbegin.o(.ctors)
 *crtbegin?.o(.ctors)
 *(EXCLUDE_FILE(*crtend.o *crtend?.o) .ctors)
 *(SORT_BY_NAME(.ctors.*))
 *(.ctors)
 *crtbegin.o(.dtors)
 *crtbegin?.o(.dtors)
 *(EXCLUDE_FILE(*crtend.o *crtend?.o) .dtors)
 *(SORT_BY_NAME(.dtors.*))
 *(.dtors)
 *(.eh_frame*)
 .eh_frame      0x10009aec        0x0 C:/Program Files (x86)/Arm GNU Toolchain arm-none-eabi/14.3 rel1/bin/../lib/gcc/arm-none-eabi/14.3.1/thumb/v7e-m+fp/softfp/crtbegin.o
 .eh_frame      0x10009aec        0x4 C:/Program Files (x86)/Arm GNU Toolchain arm-none-eabi/14.3 rel1/bin/../lib/gcc/arm-none-eabi/14.3.1/thumb/v7e-m+fp/softfp/crtend.o
                0x10009af0                        _etext = .

.glue_7         0x10009af0        0x0
 .glue_7        0x10009af0        0x0 linker stubs

.glue_7t        0x10009af0        0x0
 .glue_7t       0x10009af0        0x0 linker stubs

.vfp11_veneer   0x10009af0        0x0
 .vfp11_veneer  0x10009af0        0x0 linker stubs

.v4_bx          0x10009af0        0x0
 .v4_bx         0x10009af0        0x0 linker stubs

.iplt           0x10009af0        0x0
 .iplt          0x10009af0        0x0 C:/Program Files (x86)/Arm GNU Toolchain arm-none-eabi/14.3 rel1/bin/../lib/gcc/arm-none-eabi/14.3.1/thumb/v7e-m+fp/softfp/crtbegin.o

.ARM.extab
 *(.ARM.extab* .gnu.linkonce.armextab.*)

.bin_storage    0x10009af0        0x0
 FILL mask 0xff
                0x10009af0                        _bin_start_ = .
 *(.bin_storage_img)
                0x10009af0                        _bin_end_ = .
                0x10009af0                        . = ALIGN (0x4)

.ARM.exidx      0x10009af0        0x8
                0x10009af0                        __exidx_start = .
 *(.ARM.exidx* .gnu.linkonce.armexidx.*)
 .ARM.exidx     0x10009af0        0x8 C:/Program Files (x86)/Arm GNU Toolchain arm-none-eabi/14.3 rel1/bin/../lib/gcc/arm-none-eabi/14.3.1/../../../../arm-none-eabi/lib/thumb/v7e-m+fp/softfp\libc.a(libc_a-memcpy.o)
 .ARM.exidx     0x10009af8        0x0 C:/Program Files (x86)/Arm GNU Toolchain arm-none-eabi/14.3 rel1/bin/../lib/gcc/arm-none-eabi/14.3.1/../../../../arm-none-eabi/lib/thumb/v7e-m+fp/softfp\libc.a(libc_a-strlen.o)
                                  0x8 (size before relaxing)
 .ARM.exidx     0x10009af8        0x0 C:/Program Files (x86)/Arm GNU Toolchain arm-none-eabi/14.3 rel1/bin/../lib/gcc/arm-none-eabi/14.3.1/../../../../arm-none-eabi/lib/thumb/v7e-m+fp/softfp\libc.a(libc_a-memchr.o)
                                  0x8 (size before relaxing)
 .ARM.exidx.text.__udivmoddi4
                0x10009af8        0x0 C:/Program Files (x86)/Arm GNU Toolchain arm-none-eabi/14.3 rel1/bin/../lib/gcc/arm-none-eabi/14.3.1/thumb/v7e-m+fp/softfp\libgcc.a(_udivmoddi4.o)
                                  0x8 (size before relaxing)
                0x10009af8                        __exidx_end = .

.rel.dyn        0x10009af8        0x0
 .rel.iplt      0x10009af8        0x0 C:/Program Files (x86)/Arm GNU Toolchain arm-none-eabi/14.3 rel1/bin/../lib/gcc/arm-none-eabi/14.3.1/thumb/v7e-m+fp/softfp/crtbegin.o

.data           0x20000000      0x8f4 load address 0x10009af8
                0x20000000                        _data = ALIGN (., 0x4)
 *(vtable)
 *(.data*)
 .data.ConsoleUart
                0x20000000        0x4 C:/Users/keydo/Documents/mdsk_projects/Hello_World/build/board.o
                0x20000000                ConsoleUart
 .data.SystemCoreClock
                0x20000004        0x4 C:/Users/keydo/Documents/mdsk_projects/Hello_World/build/system_max32672.o
                0x20000004                SystemCoreClock
 .data.states   0x20000008       0x60 C:/Users/keydo/Documents/mdsk_projects/SENT/msdk/Libraries/PeriphDrivers/bin/MAX32672/spi-v1_softfp/libPeriphDriver_spi-v1_softfp.a(uart_revb.o)
 .data.overflows
                0x20000068        0x4 C:/Users/keydo/Documents/mdsk_projects/SENT/msdk/Libraries/PeriphDrivers/bin/MAX32672/spi-v1_softfp/libPeriphDriver_spi-v1_softfp.a(mxc_delay.o)
 .data.__malloc_sbrk_base
                0x2000006c        0x4 C:/Program Files (x86)/Arm GNU Toolchain arm-none-eabi/14.3 rel1/bin/../lib/gcc/arm-none-eabi/14.3.1/../../../../arm-none-eabi/lib/thumb/v7e-m+fp/softfp\libc.a(libc_a-mallocr.o)
                0x2000006c                __malloc_sbrk_base
 .data.__malloc_trim_threshold
                0x20000070        0x4 C:/Program Files (x86)/Arm GNU Toolchain arm-none-eabi/14.3 rel1/bin/../lib/gcc/arm-none-eabi/14.3.1/../../../../arm-none-eabi/lib/thumb/v7e-m+fp/softfp\libc.a(libc_a-mallocr.o)
                0x20000070                __malloc_trim_threshold
 *fill*         0x20000074        0x4 
 .data.__malloc_av_
                0x20000078      0x408 C:/Program Files (x86)/Arm GNU Toolchain arm-none-eabi/14.3 rel1/bin/../lib/gcc/arm-none-eabi/14.3.1/../../../../arm-none-eabi/lib/thumb/v7e-m+fp/softfp\libc.a(libc_a-mallocr.o)
                0x20000078                __malloc_av_
 .data.__sglue  0x20000480        0xc C:/Program Files (x86)/Arm GNU Toolchain arm-none-eabi/14.3 rel1/bin/../lib/gcc/arm-none-eabi/14.3.1/../../../../arm-none-eabi/lib/thumb/v7e-m+fp/softfp\libc.a(libc_a-findfp.o)
                0x20000480                __sglue
 .data._impure_ptr
                0x2000048c        0x4 C:/Program Files (x86)/Arm GNU Toolchain arm-none-eabi/14.3 rel1/bin/../lib/gcc/arm-none-eabi/14.3.1/../../../../arm-none-eabi/lib/thumb/v7e-m+fp/softfp\libc.a(libc_a-impure.o)
                0x2000048c                _impure_ptr
 .data._impure_data
                0x20000490      0x200 C:/Program Files (x86)/Arm GNU Toolchain arm-none-eabi/14.3 rel1/bin/../lib/gcc/arm-none-eabi/14.3.1/../../../../arm-none-eabi/lib/thumb/v7e-m+fp/softfp\libc.a(libc_a-impure.o)
                0x20000490                _impure_data
 .data.__atexit_recursive_mutex
                0x20000690        0x4 C:/Program Files (x86)/Arm GNU Toolchain arm-none-eabi/14.3 rel1/bin/../lib/gcc/arm-none-eabi/14.3.1/../../../../arm-none-eabi/lib/thumb/v7e-m+fp/softfp\libc.a(libc_a-__call_atexit.o)
                0x20000690                __atexit_recursive_mutex
 .data.__global_locale
                0x20000694      0x254 C:/Program Files (x86)/Arm GNU Toolchain arm-none-eabi/14.3 rel1/bin/../lib/gcc/arm-none-eabi/14.3.1/../../../../arm-none-eabi/lib/thumb/v7e-m+fp/softfp\libc.a(libc_a-locale.o)
                0x20000694                __global_locale
 *(.spix_config*)
 *(.flashprog*)
                0x200008e8                        . = ALIGN (0x4)
                0x200008e8                        PROVIDE (__preinit_array_start = .)
 *(.preinit_array)
                0x200008e8                        PROVIDE (__preinit_array_end = .)
                0x200008e8                        . = ALIGN (0x4)
                0x200008e8                        PROVIDE (__init_array_start = .)
 *(SORT_BY_NAME(.init_array.*))
 .init_array.00000
                0x200008e8        0x4 C:/Program Files (x86)/Arm GNU Toolchain arm-none-eabi/14.3 rel1/bin/../lib/gcc/arm-none-eabi/14.3.1/../../../../arm-none-eabi/lib/thumb/v7e-m+fp/softfp\libc.a(libc_a-__call_atexit.o)
 *(.init_array)
 .init_array    0x200008ec        0x4 C:/Program Files (x86)/Arm GNU Toolchain arm-none-eabi/14.3 rel1/bin/../lib/gcc/arm-none-eabi/14.3.1/thumb/v7e-m+fp/softfp/crtbegin.o
                0x200008f0                        PROVIDE (__init_array_end = .)
                0x200008f0                        . = ALIGN (0x4)
                0x200008f0                        PROVIDE (__fini_array_start = .)
 *(SORT_BY_NAME(.fini_array.*))
 *(.fini_array)
 .fini_array    0x200008f0        0x4 C:/Program Files (x86)/Arm GNU Toolchain arm-none-eabi/14.3 rel1/bin/../lib/gcc/arm-none-eabi/14.3.1/thumb/v7e-m+fp/softfp/crtbegin.o
                0x200008f4                        PROVIDE (__fini_array_end = .)
                0x200008f4                        _edata = ALIGN (., 0x4)
                0x10009af8                        __load_data = LOADADDR (.data)

.tm_clone_table
                0x200008f4        0x0 load address 0x1000a3ec
 .tm_clone_table
                0x200008f4        0x0 C:/Program Files (x86)/Arm GNU Toolchain arm-none-eabi/14.3 rel1/bin/../lib/gcc/arm-none-eabi/14.3.1/thumb/v7e-m+fp/softfp/crtbegin.o
 .tm_clone_table
                0x200008f4        0x0 C:/Program Files (x86)/Arm GNU Toolchain arm-none-eabi/14.3 rel1/bin/../lib/gcc/arm-none-eabi/14.3.1/thumb/v7e-m+fp/softfp/crtend.o

.igot.plt       0x200008f4        0x0 load address 0x1000a3ec
 .igot.plt      0x200008f4        0x0 C:/Program Files (x86)/Arm GNU Toolchain arm-none-eabi/14.3 rel1/bin/../lib/gcc/arm-none-eabi/14.3.1/thumb/v7e-m+fp/softfp/crtbegin.o

.bss            0x200008f4      0x650 load address 0x1000a3ec
                0x200008f4                        . = ALIGN (0x4)
                0x200008f4                        _bss = .
 *(.bss*)
 .bss.completed.1
                0x200008f4        0x1 C:/Program Files (x86)/Arm GNU Toolchain arm-none-eabi/14.3 rel1/bin/../lib/gcc/arm-none-eabi/14.3.1/thumb/v7e-m+fp/softfp/crtbegin.o
 *fill*         0x200008f5        0x3 
 .bss.object.0  0x200008f8       0x18 C:/Program Files (x86)/Arm GNU Toolchain arm-none-eabi/14.3 rel1/bin/../lib/gcc/arm-none-eabi/14.3.1/thumb/v7e-m+fp/softfp/crtbegin.o
 .bss.g_pb_polarity
                0x20000910        0x4 C:/Users/keydo/Documents/mdsk_projects/Hello_World/build/pb.o
 .bss.heap_end  0x20000914        0x4 C:/Users/keydo/Documents/mdsk_projects/Hello_World/build/heap.o
 .bss.uart_pin_mapping
                0x20000918        0x4 C:/Users/keydo/Documents/mdsk_projects/SENT/msdk/Libraries/PeriphDrivers/bin/MAX32672/spi-v1_softfp/libPeriphDriver_spi-v1_softfp.a(uart_me21.o)
                0x20000918                uart_pin_mapping
 .bss.g_is_clock_locked
                0x2000091c        0x4 C:/Users/keydo/Documents/mdsk_projects/SENT/msdk/Libraries/PeriphDrivers/bin/MAX32672/spi-v1_softfp/libPeriphDriver_spi-v1_softfp.a(uart_revb.o)
 .bss.cbFunc    0x20000920        0x4 C:/Users/keydo/Documents/mdsk_projects/SENT/msdk/Libraries/PeriphDrivers/bin/MAX32672/spi-v1_softfp/libPeriphDriver_spi-v1_softfp.a(mxc_delay.o)
 .bss.ctrl_save
                0x20000924        0x4 C:/Users/keydo/Documents/mdsk_projects/SENT/msdk/Libraries/PeriphDrivers/bin/MAX32672/spi-v1_softfp/libPeriphDriver_spi-v1_softfp.a(mxc_delay.o)
 .bss.endtick   0x20000928        0x4 C:/Users/keydo/Documents/mdsk_projects/SENT/msdk/Libraries/PeriphDrivers/bin/MAX32672/spi-v1_softfp/libPeriphDriver_spi-v1_softfp.a(mxc_delay.o)
 .bss.cfg_lock  0x2000092c        0x1 C:/Users/keydo/Documents/mdsk_projects/SENT/msdk/Libraries/PeriphDrivers/bin/MAX32672/spi-v1_softfp/libPeriphDriver_spi-v1_softfp.a(gpio_common.o)
 .bss.initialized
                0x2000092d        0x1 C:/Users/keydo/Documents/mdsk_projects/SENT/msdk/Libraries/PeriphDrivers/bin/MAX32672/spi-v1_softfp/libPeriphDriver_spi-v1_softfp.a(gpio_common.o)
 *fill*         0x2000092e        0x2 
 .bss.cbparam   0x20000930      0x180 C:/Users/keydo/Documents/mdsk_projects/SENT/msdk/Libraries/PeriphDrivers/bin/MAX32672/spi-v1_softfp/libPeriphDriver_spi-v1_softfp.a(gpio_common.o)
 .bss.callback  0x20000ab0      0x180 C:/Users/keydo/Documents/mdsk_projects/SENT/msdk/Libraries/PeriphDrivers/bin/MAX32672/spi-v1_softfp/libPeriphDriver_spi-v1_softfp.a(gpio_common.o)
 .bss.__malloc_current_mallinfo
                0x20000c30       0x28 C:/Program Files (x86)/Arm GNU Toolchain arm-none-eabi/14.3 rel1/bin/../lib/gcc/arm-none-eabi/14.3.1/../../../../arm-none-eabi/lib/thumb/v7e-m+fp/softfp\libc.a(libc_a-mallocr.o)
                0x20000c30                __malloc_current_mallinfo
 .bss.__malloc_max_total_mem
                0x20000c58        0x4 C:/Program Files (x86)/Arm GNU Toolchain arm-none-eabi/14.3 rel1/bin/../lib/gcc/arm-none-eabi/14.3.1/../../../../arm-none-eabi/lib/thumb/v7e-m+fp/softfp\libc.a(libc_a-mallocr.o)
                0x20000c58                __malloc_max_total_mem
 .bss.__malloc_max_sbrked_mem
                0x20000c5c        0x4 C:/Program Files (x86)/Arm GNU Toolchain arm-none-eabi/14.3 rel1/bin/../lib/gcc/arm-none-eabi/14.3.1/../../../../arm-none-eabi/lib/thumb/v7e-m+fp/softfp\libc.a(libc_a-mallocr.o)
                0x20000c5c                __malloc_max_sbrked_mem
 .bss.__malloc_top_pad
                0x20000c60        0x4 C:/Program Files (x86)/Arm GNU Toolchain arm-none-eabi/14.3 rel1/bin/../lib/gcc/arm-none-eabi/14.3.1/../../../../arm-none-eabi/lib/thumb/v7e-m+fp/softfp\libc.a(libc_a-mallocr.o)
                0x20000c60                __malloc_top_pad
 .bss.__sf      0x20000c64      0x138 C:/Program Files (x86)/Arm GNU Toolchain arm-none-eabi/14.3 rel1/bin/../lib/gcc/arm-none-eabi/14.3.1/../../../../arm-none-eabi/lib/thumb/v7e-m+fp/softfp\libc.a(libc_a-findfp.o)
                0x20000c64                __sf
 .bss.__stdio_exit_handler
                0x20000d9c        0x4 C:/Program Files (x86)/Arm GNU Toolchain arm-none-eabi/14.3 rel1/bin/../lib/gcc/arm-none-eabi/14.3.1/../../../../arm-none-eabi/lib/thumb/v7e-m+fp/softfp\libc.a(libc_a-findfp.o)
                0x20000d9c                __stdio_exit_handler
 .bss.errno     0x20000da0        0x4 C:/Program Files (x86)/Arm GNU Toolchain arm-none-eabi/14.3 rel1/bin/../lib/gcc/arm-none-eabi/14.3.1/../../../../arm-none-eabi/lib/thumb/v7e-m+fp/softfp\libc.a(libc_a-reent.o)
                0x20000da0                errno
 .bss.__lock___malloc_recursive_mutex
                0x20000da4        0x1 C:/Program Files (x86)/Arm GNU Toolchain arm-none-eabi/14.3 rel1/bin/../lib/gcc/arm-none-eabi/14.3.1/../../../../arm-none-eabi/lib/thumb/v7e-m+fp/softfp\libc.a(libc_a-lock.o)
                0x20000da4                __lock___malloc_recursive_mutex
 *fill*         0x20000da5        0x3 
 .bss.__lock___atexit_recursive_mutex
                0x20000da8        0x1 C:/Program Files (x86)/Arm GNU Toolchain arm-none-eabi/14.3 rel1/bin/../lib/gcc/arm-none-eabi/14.3.1/../../../../arm-none-eabi/lib/thumb/v7e-m+fp/softfp\libc.a(libc_a-lock.o)
                0x20000da8                __lock___atexit_recursive_mutex
 *fill*         0x20000da9        0x3 
 .bss.__lock___sfp_recursive_mutex
                0x20000dac        0x1 C:/Program Files (x86)/Arm GNU Toolchain arm-none-eabi/14.3 rel1/bin/../lib/gcc/arm-none-eabi/14.3.1/../../../../arm-none-eabi/lib/thumb/v7e-m+fp/softfp\libc.a(libc_a-lock.o)
                0x20000dac                __lock___sfp_recursive_mutex
 *fill*         0x20000dad        0x3 
 .bss.__atexit  0x20000db0        0x4 C:/Program Files (x86)/Arm GNU Toolchain arm-none-eabi/14.3 rel1/bin/../lib/gcc/arm-none-eabi/14.3.1/../../../../arm-none-eabi/lib/thumb/v7e-m+fp/softfp\libc.a(libc_a-__call_atexit.o)
                0x20000db0                __atexit
 .bss.__atexit0
                0x20000db4      0x190 C:/Program Files (x86)/Arm GNU Toolchain arm-none-eabi/14.3 rel1/bin/../lib/gcc/arm-none-eabi/14.3.1/../../../../arm-none-eabi/lib/thumb/v7e-m+fp/softfp\libc.a(libc_a-__atexit.o)
                0x20000db4                __atexit0
 *(COMMON)
                0x20000f44                        _ebss = ALIGN (., 0x4)
                0x20028000                        __StackTop = (ORIGIN (SRAM) + LENGTH (SRAM))
                0x20027000                        __StackLimit = (__StackTop - SIZEOF (.stack_dummy))

.stack_dummy    0x20000f48     0x1000 load address 0x1000a3ec
 *(.stack*)
 .stack         0x20000f48     0x1000 C:/Users/keydo/Documents/mdsk_projects/Hello_World/build/startup_max32672.o

.heap           0x20000f48      0xc00 load address 0x1000a3ec
                0x20000f48                        . = ALIGN (0x4)
 *(.heap*)
 .heap          0x20000f48      0xc00 C:/Users/keydo/Documents/mdsk_projects/Hello_World/build/startup_max32672.o
                0x20000f48                __HeapBase
                0x20027000                        __HeapLimit = ABSOLUTE (__StackLimit)
                0x20028000                        PROVIDE (__stack = __StackTop)
                0x00000001                        ASSERT ((__StackLimit >= _ebss), region RAM overflowed with stack)
OUTPUT(C:/Users/keydo/Documents/mdsk_projects/Hello_World/build/Hello_World.elf elf32-littlearm)
LOAD linker stubs

.ARM.attributes
                0x00000000       0x2e
 .ARM.attributes
                0x00000000       0x22 C:/Program Files (x86)/Arm GNU Toolchain arm-none-eabi/14.3 rel1/bin/../lib/gcc/arm-none-eabi/14.3.1/thumb/v7e-m+fp/softfp/crti.o
 .ARM.attributes
                0x00000022       0x32 C:/Program Files (x86)/Arm GNU Toolchain arm-none-eabi/14.3 rel1/bin/../lib/gcc/arm-none-eabi/14.3.1/thumb/v7e-m+fp/softfp/crtbegin.o
 .ARM.attributes
                0x00000054       0x32 C:/Users/keydo/Documents/mdsk_projects/Hello_World/build/main.o
 .ARM.attributes
                0x00000086       0x32 C:/Users/keydo/Documents/mdsk_projects/Hello_World/build/board.o
 .ARM.attributes
                0x000000b8       0x32 C:/Users/keydo/Documents/mdsk_projects/Hello_World/build/stdio.o
 .ARM.attributes
                0x000000ea       0x32 C:/Users/keydo/Documents/mdsk_projects/Hello_World/build/led.o
 .ARM.attributes
                0x0000011c       0x32 C:/Users/keydo/Documents/mdsk_projects/Hello_World/build/pb.o
 .ARM.attributes
                0x0000014e       0x1b C:/Users/keydo/Documents/mdsk_projects/Hello_World/build/startup_max32672.o
 .ARM.attributes
                0x00000169       0x32 C:/Users/keydo/Documents/mdsk_projects/Hello_World/build/heap.o
 .ARM.attributes
                0x0000019b       0x32 C:/Users/keydo/Documents/mdsk_projects/Hello_World/build/system_max32672.o
 .ARM.attributes
                0x000001cd       0x32 C:/Users/keydo/Documents/mdsk_projects/SENT/msdk/Libraries/PeriphDrivers/bin/MAX32672/spi-v1_softfp/libPeriphDriver_spi-v1_softfp.a(sys_me21.o)
 .ARM.attributes
                0x000001ff       0x32 C:/Users/keydo/Documents/mdsk_projects/SENT/msdk/Libraries/PeriphDrivers/bin/MAX32672/spi-v1_softfp/libPeriphDriver_spi-v1_softfp.a(gpio_me21.o)
 .ARM.attributes
                0x00000231       0x32 C:/Users/keydo/Documents/mdsk_projects/SENT/msdk/Libraries/PeriphDrivers/bin/MAX32672/spi-v1_softfp/libPeriphDriver_spi-v1_softfp.a(gpio_reva.o)
 .ARM.attributes
                0x00000263       0x32 C:/Users/keydo/Documents/mdsk_projects/SENT/msdk/Libraries/PeriphDrivers/bin/MAX32672/spi-v1_softfp/libPeriphDriver_spi-v1_softfp.a(uart_me21.o)
 .ARM.attributes
                0x00000295       0x32 C:/Users/keydo/Documents/mdsk_projects/SENT/msdk/Libraries/PeriphDrivers/bin/MAX32672/spi-v1_softfp/libPeriphDriver_spi-v1_softfp.a(uart_revb.o)
 .ARM.attributes
                0x000002c7       0x32 C:/Users/keydo/Documents/mdsk_projects/SENT/msdk/Libraries/PeriphDrivers/bin/MAX32672/spi-v1_softfp/libPeriphDriver_spi-v1_softfp.a(mxc_delay.o)
 .ARM.attributes
                0x000002f9       0x32 C:/Users/keydo/Documents/mdsk_projects/SENT/msdk/Libraries/PeriphDrivers/bin/MAX32672/spi-v1_softfp/libPeriphDriver_spi-v1_softfp.a(pins_me21.o)
 .ARM.attributes
                0x0000032b       0x32 C:/Users/keydo/Documents/mdsk_projects/SENT/msdk/Libraries/PeriphDrivers/bin/MAX32672/spi-v1_softfp/libPeriphDriver_spi-v1_softfp.a(gpio_common.o)
 .ARM.attributes
                0x0000035d       0x32 C:/Users/keydo/Documents/mdsk_projects/SENT/msdk/Libraries/PeriphDrivers/bin/MAX32672/spi-v1_softfp/libPeriphDriver_spi-v1_softfp.a(uart_common.o)
 .ARM.attributes
                0x0000038f       0x32 C:/Program Files (x86)/Arm GNU Toolchain arm-none-eabi/14.3 rel1/bin/../lib/gcc/arm-none-eabi/14.3.1/../../../../arm-none-eabi/lib/thumb/v7e-m+fp/softfp\libc.a(libc_a-malloc.o)
 .ARM.attributes
                0x000003c1       0x32 C:/Program Files (x86)/Arm GNU Toolchain arm-none-eabi/14.3 rel1/bin/../lib/gcc/arm-none-eabi/14.3.1/../../../../arm-none-eabi/lib/thumb/v7e-m+fp/softfp\libc.a(libc_a-mallocr.o)
 .ARM.attributes
                0x000003f3       0x32 C:/Program Files (x86)/Arm GNU Toolchain arm-none-eabi/14.3 rel1/bin/../lib/gcc/arm-none-eabi/14.3.1/../../../../arm-none-eabi/lib/thumb/v7e-m+fp/softfp\libc.a(libc_a-mlock.o)
 .ARM.attributes
                0x00000425       0x32 C:/Program Files (x86)/Arm GNU Toolchain arm-none-eabi/14.3 rel1/bin/../lib/gcc/arm-none-eabi/14.3.1/../../../../arm-none-eabi/lib/thumb/v7e-m+fp/softfp\libc.a(libc_a-findfp.o)
 .ARM.attributes
                0x00000457       0x32 C:/Program Files (x86)/Arm GNU Toolchain arm-none-eabi/14.3 rel1/bin/../lib/gcc/arm-none-eabi/14.3.1/../../../../arm-none-eabi/lib/thumb/v7e-m+fp/softfp\libc.a(libc_a-fwalk.o)
 .ARM.attributes
                0x00000489       0x32 C:/Program Files (x86)/Arm GNU Toolchain arm-none-eabi/14.3 rel1/bin/../lib/gcc/arm-none-eabi/14.3.1/../../../../arm-none-eabi/lib/thumb/v7e-m+fp/softfp\libc.a(libc_a-printf.o)
 .ARM.attributes
                0x000004bb       0x32 C:/Program Files (x86)/Arm GNU Toolchain arm-none-eabi/14.3 rel1/bin/../lib/gcc/arm-none-eabi/14.3.1/../../../../arm-none-eabi/lib/thumb/v7e-m+fp/softfp\libc.a(libc_a-puts.o)
 .ARM.attributes
                0x000004ed       0x32 C:/Program Files (x86)/Arm GNU Toolchain arm-none-eabi/14.3 rel1/bin/../lib/gcc/arm-none-eabi/14.3.1/../../../../arm-none-eabi/lib/thumb/v7e-m+fp/softfp\libc.a(libc_a-stdio.o)
 .ARM.attributes
                0x0000051f       0x32 C:/Program Files (x86)/Arm GNU Toolchain arm-none-eabi/14.3 rel1/bin/../lib/gcc/arm-none-eabi/14.3.1/../../../../arm-none-eabi/lib/thumb/v7e-m+fp/softfp\libc.a(libc_a-memset.o)
 .ARM.attributes
                0x00000551       0x32 C:/Program Files (x86)/Arm GNU Toolchain arm-none-eabi/14.3 rel1/bin/../lib/gcc/arm-none-eabi/14.3.1/../../../../arm-none-eabi/lib/thumb/v7e-m+fp/softfp\libc.a(libc_a-closer.o)
 .ARM.attributes
                0x00000583       0x32 C:/Program Files (x86)/Arm GNU Toolchain arm-none-eabi/14.3 rel1/bin/../lib/gcc/arm-none-eabi/14.3.1/../../../../arm-none-eabi/lib/thumb/v7e-m+fp/softfp\libc.a(libc_a-reent.o)
 .ARM.attributes
                0x000005b5       0x32 C:/Program Files (x86)/Arm GNU Toolchain arm-none-eabi/14.3 rel1/bin/../lib/gcc/arm-none-eabi/14.3.1/../../../../arm-none-eabi/lib/thumb/v7e-m+fp/softfp\libc.a(libc_a-impure.o)
 .ARM.attributes
                0x000005e7       0x32 C:/Program Files (x86)/Arm GNU Toolchain arm-none-eabi/14.3 rel1/bin/../lib/gcc/arm-none-eabi/14.3.1/../../../../arm-none-eabi/lib/thumb/v7e-m+fp/softfp\libc.a(libc_a-lseekr.o)
 .ARM.attributes
                0x00000619       0x32 C:/Program Files (x86)/Arm GNU Toolchain arm-none-eabi/14.3 rel1/bin/../lib/gcc/arm-none-eabi/14.3.1/../../../../arm-none-eabi/lib/thumb/v7e-m+fp/softfp\libc.a(libc_a-readr.o)
 .ARM.attributes
                0x0000064b       0x32 C:/Program Files (x86)/Arm GNU Toolchain arm-none-eabi/14.3 rel1/bin/../lib/gcc/arm-none-eabi/14.3.1/../../../../arm-none-eabi/lib/thumb/v7e-m+fp/softfp\libc.a(libc_a-sbrkr.o)
 .ARM.attributes
                0x0000067d       0x32 C:/Program Files (x86)/Arm GNU Toolchain arm-none-eabi/14.3 rel1/bin/../lib/gcc/arm-none-eabi/14.3.1/../../../../arm-none-eabi/lib/thumb/v7e-m+fp/softfp\libc.a(libc_a-writer.o)
 .ARM.attributes
                0x000006af       0x32 C:/Program Files (x86)/Arm GNU Toolchain arm-none-eabi/14.3 rel1/bin/../lib/gcc/arm-none-eabi/14.3.1/../../../../arm-none-eabi/lib/thumb/v7e-m+fp/softfp\libc.a(libc_a-errno.o)
 .ARM.attributes
                0x000006e1       0x32 C:/Program Files (x86)/Arm GNU Toolchain arm-none-eabi/14.3 rel1/bin/../lib/gcc/arm-none-eabi/14.3.1/../../../../arm-none-eabi/lib/thumb/v7e-m+fp/softfp\libc.a(libc_a-init.o)
 .ARM.attributes
                0x00000713       0x32 C:/Program Files (x86)/Arm GNU Toolchain arm-none-eabi/14.3 rel1/bin/../lib/gcc/arm-none-eabi/14.3.1/../../../../arm-none-eabi/lib/thumb/v7e-m+fp/softfp\libc.a(libc_a-lock.o)
 .ARM.attributes
                0x00000745       0x32 C:/Program Files (x86)/Arm GNU Toolchain arm-none-eabi/14.3 rel1/bin/../lib/gcc/arm-none-eabi/14.3.1/../../../../arm-none-eabi/lib/thumb/v7e-m+fp/softfp\libc.a(libc_a-sysconf.o)
 .ARM.attributes
                0x00000777       0x20 C:/Program Files (x86)/Arm GNU Toolchain arm-none-eabi/14.3 rel1/bin/../lib/gcc/arm-none-eabi/14.3.1/../../../../arm-none-eabi/lib/thumb/v7e-m+fp/softfp\libc.a(libc_a-memcpy.o)
 .ARM.attributes
                0x00000797       0x1c C:/Program Files (x86)/Arm GNU Toolchain arm-none-eabi/14.3 rel1/bin/../lib/gcc/arm-none-eabi/14.3.1/../../../../arm-none-eabi/lib/thumb/v7e-m+fp/softfp\libc.a(libc_a-strlen.o)
 .ARM.attributes
                0x000007b3       0x32 C:/Program Files (x86)/Arm GNU Toolchain arm-none-eabi/14.3 rel1/bin/../lib/gcc/arm-none-eabi/14.3.1/../../../../arm-none-eabi/lib/thumb/v7e-m+fp/softfp\libc.a(libc_a-__call_atexit.o)
 .ARM.attributes
                0x000007e5       0x32 C:/Program Files (x86)/Arm GNU Toolchain arm-none-eabi/14.3 rel1/bin/../lib/gcc/arm-none-eabi/14.3.1/../../../../arm-none-eabi/lib/thumb/v7e-m+fp/softfp\libc.a(libc_a-atexit.o)
 .ARM.attributes
                0x00000817       0x32 C:/Program Files (x86)/Arm GNU Toolchain arm-none-eabi/14.3 rel1/bin/../lib/gcc/arm-none-eabi/14.3.1/../../../../arm-none-eabi/lib/thumb/v7e-m+fp/softfp\libc.a(libc_a-freer.o)
 .ARM.attributes
                0x00000849       0x32 C:/Program Files (x86)/Arm GNU Toolchain arm-none-eabi/14.3 rel1/bin/../lib/gcc/arm-none-eabi/14.3.1/../../../../arm-none-eabi/lib/thumb/v7e-m+fp/softfp\libc.a(libc_a-vfprintf.o)
 .ARM.attributes
                0x0000087b       0x32 C:/Program Files (x86)/Arm GNU Toolchain arm-none-eabi/14.3 rel1/bin/../lib/gcc/arm-none-eabi/14.3.1/../../../../arm-none-eabi/lib/thumb/v7e-m+fp/softfp\libc.a(libc_a-sprint_r.o)
 .ARM.attributes
                0x000008ad       0x32 C:/Program Files (x86)/Arm GNU Toolchain arm-none-eabi/14.3 rel1/bin/../lib/gcc/arm-none-eabi/14.3.1/../../../../arm-none-eabi/lib/thumb/v7e-m+fp/softfp\libc.a(libc_a-fclose.o)
 .ARM.attributes
                0x000008df       0x32 C:/Program Files (x86)/Arm GNU Toolchain arm-none-eabi/14.3 rel1/bin/../lib/gcc/arm-none-eabi/14.3.1/../../../../arm-none-eabi/lib/thumb/v7e-m+fp/softfp\libc.a(libc_a-fflush.o)
 .ARM.attributes
                0x00000911       0x32 C:/Program Files (x86)/Arm GNU Toolchain arm-none-eabi/14.3 rel1/bin/../lib/gcc/arm-none-eabi/14.3.1/../../../../arm-none-eabi/lib/thumb/v7e-m+fp/softfp\libc.a(libc_a-fvwrite.o)
 .ARM.attributes
                0x00000943       0x32 C:/Program Files (x86)/Arm GNU Toolchain arm-none-eabi/14.3 rel1/bin/../lib/gcc/arm-none-eabi/14.3.1/../../../../arm-none-eabi/lib/thumb/v7e-m+fp/softfp\libc.a(libc_a-wsetup.o)
 .ARM.attributes